Archive member included to satisfy reference by file (symbol)

c:/progra~2/gnuarm~1/102021~1.10/bin/../lib/gcc/arm-none-eabi/10.3.1/thumb/v6-m/nofp\libgcc.a(_dvmd_tls.o)
                              CMakeFiles/pico_bootloader.dir/pico-sdk/src/rp2_common/pico_divider/divider.S.obj (__aeabi_idiv0)
c:/progra~2/gnuarm~1/102021~1.10/bin/../lib/gcc/arm-none-eabi/10.3.1/../../../../arm-none-eabi/lib/thumb/v6-m/nofp\libg.a(lib_a-calloc.o)
                              CMakeFiles/pico_bootloader.dir/pico-sdk/src/rp2_common/pico_malloc/pico_malloc.c.obj (calloc)
c:/progra~2/gnuarm~1/102021~1.10/bin/../lib/gcc/arm-none-eabi/10.3.1/../../../../arm-none-eabi/lib/thumb/v6-m/nofp\libg.a(lib_a-callocr.o)
                              c:/progra~2/gnuarm~1/102021~1.10/bin/../lib/gcc/arm-none-eabi/10.3.1/../../../../arm-none-eabi/lib/thumb/v6-m/nofp\libg.a(lib_a-calloc.o) (_calloc_r)
c:/progra~2/gnuarm~1/102021~1.10/bin/../lib/gcc/arm-none-eabi/10.3.1/../../../../arm-none-eabi/lib/thumb/v6-m/nofp\libg.a(lib_a-errno.o)
                              c:/progra~2/gnuarm~1/102021~1.10/bin/../lib/gcc/arm-none-eabi/10.3.1/../../../../arm-none-eabi/lib/thumb/v6-m/nofp\libg.a(lib_a-callocr.o) (__errno)
c:/progra~2/gnuarm~1/102021~1.10/bin/../lib/gcc/arm-none-eabi/10.3.1/../../../../arm-none-eabi/lib/thumb/v6-m/nofp\libg.a(lib_a-impure.o)
                              c:/progra~2/gnuarm~1/102021~1.10/bin/../lib/gcc/arm-none-eabi/10.3.1/../../../../arm-none-eabi/lib/thumb/v6-m/nofp\libg.a(lib_a-calloc.o) (_impure_ptr)
c:/progra~2/gnuarm~1/102021~1.10/bin/../lib/gcc/arm-none-eabi/10.3.1/../../../../arm-none-eabi/lib/thumb/v6-m/nofp\libg.a(lib_a-init.o)
                              c:/progra~2/gnuarm~1/102021~1.10/bin/../lib/gcc/arm-none-eabi/10.3.1/../../../../arm-none-eabi/lib/thumb/v6-m/nofp/crt0.o (__libc_init_array)
c:/progra~2/gnuarm~1/102021~1.10/bin/../lib/gcc/arm-none-eabi/10.3.1/../../../../arm-none-eabi/lib/thumb/v6-m/nofp\libg.a(lib_a-malloc.o)
                              CMakeFiles/pico_bootloader.dir/pico-sdk/src/rp2_common/pico_malloc/pico_malloc.c.obj (malloc)
c:/progra~2/gnuarm~1/102021~1.10/bin/../lib/gcc/arm-none-eabi/10.3.1/../../../../arm-none-eabi/lib/thumb/v6-m/nofp\libg.a(lib_a-mallocr.o)
                              c:/progra~2/gnuarm~1/102021~1.10/bin/../lib/gcc/arm-none-eabi/10.3.1/../../../../arm-none-eabi/lib/thumb/v6-m/nofp\libg.a(lib_a-callocr.o) (_malloc_r)
c:/progra~2/gnuarm~1/102021~1.10/bin/../lib/gcc/arm-none-eabi/10.3.1/../../../../arm-none-eabi/lib/thumb/v6-m/nofp\libg.a(lib_a-mlock.o)
                              c:/progra~2/gnuarm~1/102021~1.10/bin/../lib/gcc/arm-none-eabi/10.3.1/../../../../arm-none-eabi/lib/thumb/v6-m/nofp\libg.a(lib_a-mallocr.o) (__malloc_lock)
c:/progra~2/gnuarm~1/102021~1.10/bin/../lib/gcc/arm-none-eabi/10.3.1/../../../../arm-none-eabi/lib/thumb/v6-m/nofp\libg.a(lib_a-realloc.o)
                              CMakeFiles/pico_bootloader.dir/pico-sdk/src/rp2_common/pico_malloc/pico_malloc.c.obj (realloc)
c:/progra~2/gnuarm~1/102021~1.10/bin/../lib/gcc/arm-none-eabi/10.3.1/../../../../arm-none-eabi/lib/thumb/v6-m/nofp\libg.a(lib_a-reallocr.o)
                              c:/progra~2/gnuarm~1/102021~1.10/bin/../lib/gcc/arm-none-eabi/10.3.1/../../../../arm-none-eabi/lib/thumb/v6-m/nofp\libg.a(lib_a-realloc.o) (_realloc_r)
c:/progra~2/gnuarm~1/102021~1.10/bin/../lib/gcc/arm-none-eabi/10.3.1/../../../../arm-none-eabi/lib/thumb/v6-m/nofp\libg.a(lib_a-sbrkr.o)
                              c:/progra~2/gnuarm~1/102021~1.10/bin/../lib/gcc/arm-none-eabi/10.3.1/../../../../arm-none-eabi/lib/thumb/v6-m/nofp\libg.a(lib_a-mallocr.o) (_sbrk_r)
c:/progra~2/gnuarm~1/102021~1.10/bin/../lib/gcc/arm-none-eabi/10.3.1/../../../../arm-none-eabi/lib/thumb/v6-m/nofp\libg.a(lib_a-strlen-stub.o)
                              CMakeFiles/pico_bootloader.dir/pico-sdk/src/rp2_common/pico_stdio/stdio.c.obj (strlen)
c:/progra~2/gnuarm~1/102021~1.10/bin/../lib/gcc/arm-none-eabi/10.3.1/../../../../arm-none-eabi/lib/thumb/v6-m/nofp\libg.a(lib_a-freer.o)
                              c:/progra~2/gnuarm~1/102021~1.10/bin/../lib/gcc/arm-none-eabi/10.3.1/../../../../arm-none-eabi/lib/thumb/v6-m/nofp\libg.a(lib_a-malloc.o) (_free_r)
c:/progra~2/gnuarm~1/102021~1.10/bin/../lib/gcc/arm-none-eabi/10.3.1/../../../../arm-none-eabi/lib/thumb/v6-m/nofp\libg.a(lib_a-lock.o)
                              c:/progra~2/gnuarm~1/102021~1.10/bin/../lib/gcc/arm-none-eabi/10.3.1/../../../../arm-none-eabi/lib/thumb/v6-m/nofp\libg.a(lib_a-mlock.o) (__retarget_lock_acquire_recursive)
c:/progra~2/gnuarm~1/102021~1.10/bin/../lib/gcc/arm-none-eabi/10.3.1/../../../../arm-none-eabi/lib/thumb/v6-m/nofp\libg.a(lib_a-memmove.o)
                              c:/progra~2/gnuarm~1/102021~1.10/bin/../lib/gcc/arm-none-eabi/10.3.1/../../../../arm-none-eabi/lib/thumb/v6-m/nofp\libg.a(lib_a-reallocr.o) (memmove)
c:/progra~2/gnuarm~1/102021~1.10/bin/../lib/gcc/arm-none-eabi/10.3.1/../../../../arm-none-eabi/lib/thumb/v6-m/nofp\libg.a(lib_a-reent.o)
[...]
Memory Configuration

Name             Origin             Length             Attributes
FLASH            0x10000000         0x00800000         xr
MY_BOOTLOADER    0x10800000         0x00002000         xr
MY_APP           0x10802000         0x00002000         xr
MY_DATA          0x10804000         0x00000020         rw
MY_MAGIC         0x10804020         0x00000020         rw
RAM              0x20000000         0x00040000         xrw
SCRATCH_X        0x20040000         0x00001000         xrw
SCRATCH_Y        0x20041000         0x00001000         xrw
*default*        0x00000000         0xffffffff

Linker script and memory map

LOAD c:/progra~2/gnuarm~1/102021~1.10/bin/../lib/gcc/arm-none-eabi/10.3.1/thumb/v6-m/nofp/crti.o
LOAD c:/progra~2/gnuarm~1/102021~1.10/bin/../lib/gcc/arm-none-eabi/10.3.1/thumb/v6-m/nofp/crtbegin.o
LOAD c:/progra~2/gnuarm~1/102021~1.10/bin/../lib/gcc/arm-none-eabi/10.3.1/../../../../arm-none-eabi/lib/thumb/v6-m/nofp/crt0.o

.flash_begin    0x10000000        0x0
                0x10000000                __flash_binary_start = .

.boot2          0x10000000      0x100
                0x10000000                __boot2_start__ = .
 *(.boot2)
 .boot2         0x10000000      0x100 C:\Users\UMUTKL~1\AppData\Local\Temp\ccEPvYqu.o
                0x10000100                __boot2_end__ = .
                0x00000001                ASSERT (((__boot2_end__ - __boot2_start__) == 0x100), ERROR: Pico second stage bootloader must be 256 bytes in size)

.text           0x10000100     0x4658
                0x10000100                __logical_binary_start = .
 *(.vectors)
 .vectors       0x10000100       0xd4 CMakeFiles/pico_bootloader.dir/pico-sdk/src/rp2_common/pico_standard_link/crt0.S.obj
                0x10000100                __VECTOR_TABLE
                0x10000100                __vectors
                0x100001c0                isr_invalid
                0x100001c0                __default_isrs_start
                0x100001c2                isr_nmi
                0x100001c4                isr_hardfault
                0x100001c6                isr_svcall
                0x100001c8                isr_pendsv
                0x100001ca                isr_systick
                0x100001cc                isr_irq23
                0x100001cc                isr_irq18
                0x100001cc                isr_irq11
                0x100001cc                isr_irq28
                0x100001cc                isr_irq19
                0x100001cc                isr_irq0
                0x100001cc                isr_irq6
                0x100001cc                isr_irq5
                0x100001cc                isr_irq12
                0x100001cc                isr_irq22
                0x100001cc                isr_irq31
                0x100001cc                isr_irq17
                0x100001cc                isr_irq27
                0x100001cc                isr_irq30
                0x100001cc                isr_irq2
                0x100001cc                isr_irq10
                0x100001cc                isr_irq8
                0x100001cc                isr_irq24
                0x100001cc                isr_irq1
                0x100001cc                isr_irq7
                0x100001cc                isr_irq21
                0x100001cc                isr_irq20
                0x100001cc                isr_irq15
                0x100001cc                isr_irq25
                0x100001cc                isr_irq13
                0x100001cc                __unhandled_user_irq
                0x100001cc                isr_irq4
                0x100001cc                isr_irq16
                0x100001cc                isr_irq29
                0x100001cc                isr_irq26
                0x100001cc                __default_isrs_end
                0x100001cc                isr_irq3
                0x100001cc                isr_irq14
                0x100001cc                isr_irq9
                0x100001d2                unhandled_user_irq_num_in_r0
 *(.binary_info_header)
 .binary_info_header
                0x100001d4       0x14 CMakeFiles/pico_bootloader.dir/pico-sdk/src/rp2_common/pico_standard_link/crt0.S.obj
                0x100001e8                __binary_info_header_end = .
 *(.reset)
 .reset         0x100001e8       0xa0 CMakeFiles/pico_bootloader.dir/pico-sdk/src/rp2_common/pico_standard_link/crt0.S.obj
                0x100001e8                _entry_point
 .reset         0x10000288       0x30 CMakeFiles/pico_bootloader.dir/pico-sdk/src/rp2_common/pico_standard_link/binary_info.c.obj
 *(.init)
 .init          0x100002b8        0x4 c:/progra~2/gnuarm~1/102021~1.10/bin/../lib/gcc/arm-none-eabi/10.3.1/thumb/v6-m/nofp/crti.o
                0x100002b8                _init
 *(EXCLUDE_FILE(*libm.a: *libc.a:*lib_a-mem*.o *libgcc.a:) .text*)
 .text          0x100002bc       0x48 c:/progra~2/gnuarm~1/102021~1.10/bin/../lib/gcc/arm-none-eabi/10.3.1/thumb/v6-m/nofp/crtbegin.o
 .text.main     0x10000304       0x5c CMakeFiles/pico_bootloader.dir/main.c.obj
                0x10000304                main
 .text.read_data_from_main
                0x10000360       0x50 CMakeFiles/pico_bootloader.dir/app.c.obj
                0x10000360                read_data_from_main
 .text.gpio_set_function
                0x100003b0       0x30 CMakeFiles/pico_bootloader.dir/pico-sdk/src/rp2_common/hardware_gpio/gpio.c.obj
                0x100003b0                gpio_set_function
 .text.running_on_fpga
                0x100003e0       0x14 CMakeFiles/pico_bootloader.dir/pico-sdk/src/rp2_common/pico_platform/platform.c.obj
                0x100003e0                running_on_fpga
 .text.hw_claim_lock
                0x100003f4       0x18 CMakeFiles/pico_bootloader.dir/pico-sdk/src/rp2_common/hardware_claim/claim.c.obj
                0x100003f4                hw_claim_lock
 .text.hw_claim_unlock
                0x1000040c       0x14 CMakeFiles/pico_bootloader.dir/pico-sdk/src/rp2_common/hardware_claim/claim.c.obj
                0x1000040c                hw_claim_unlock
 .text.hw_claim_or_assert
                0x10000420       0x32 CMakeFiles/pico_bootloader.dir/pico-sdk/src/rp2_common/hardware_claim/claim.c.obj
                0x10000420                hw_claim_or_assert
 *fill*         0x10000452        0x2 
 .text.spin_locks_reset
                0x10000454       0x20 CMakeFiles/pico_bootloader.dir/pico-sdk/src/rp2_common/hardware_sync/sync.c.obj
                0x10000454                spin_locks_reset
 .text.next_striped_spin_lock_num
                0x10000474       0x1c CMakeFiles/pico_bootloader.dir/pico-sdk/src/rp2_common/hardware_sync/sync.c.obj
                0x10000474                next_striped_spin_lock_num
 .text.set_raw_irq_handler_and_unlock
                0x10000490       0x28 CMakeFiles/pico_bootloader.dir/pico-sdk/src/rp2_common/hardware_irq/irq.c.obj
 .text.make_branch
                0x100004b8       0x48 CMakeFiles/pico_bootloader.dir/pico-sdk/src/rp2_common/hardware_irq/irq.c.obj
 .text.insert_branch_and_link
                0x10000500       0x40 CMakeFiles/pico_bootloader.dir/pico-sdk/src/rp2_common/hardware_irq/irq.c.obj
 .text.irq_is_enabled
                0x10000540       0x18 CMakeFiles/pico_bootloader.dir/pico-sdk/src/rp2_common/hardware_irq/irq.c.obj
                0x10000540                irq_is_enabled
 .text.irq_set_mask_enabled
                0x10000558       0x20 CMakeFiles/pico_bootloader.dir/pico-sdk/src/rp2_common/hardware_irq/irq.c.obj
                0x10000558                irq_set_mask_enabled
 .text.irq_set_enabled
                0x10000578        0xe CMakeFiles/pico_bootloader.dir/pico-sdk/src/rp2_common/hardware_irq/irq.c.obj
                0x10000578                irq_set_enabled
 *fill*         0x10000586        0x2 
 .text.irq_get_vtable_handler
                0x10000588       0x10 CMakeFiles/pico_bootloader.dir/pico-sdk/src/rp2_common/hardware_irq/irq.c.obj
                0x10000588                irq_get_vtable_handler
 .text.irq_set_exclusive_handler
                0x10000598       0x54 CMakeFiles/pico_bootloader.dir/pico-sdk/src/rp2_common/hardware_irq/irq.c.obj
                0x10000598                irq_set_exclusive_handler
 .text.irq_remove_handler
                0x100005ec      0x1ac CMakeFiles/pico_bootloader.dir/pico-sdk/src/rp2_common/hardware_irq/irq.c.obj
                0x100005ec                irq_remove_handler
 .text.irq_add_tail_to_free_list
                0x10000798       0xf0 CMakeFiles/pico_bootloader.dir/pico-sdk/src/rp2_common/hardware_irq/irq.c.obj
                0x10000798                irq_add_tail_to_free_list
 .text.irq_init_priorities
                0x10000888       0x1c CMakeFiles/pico_bootloader.dir/pico-sdk/src/rp2_common/hardware_irq/irq.c.obj
                0x10000888                irq_init_priorities
 .text.lock_init
                0x100008a4       0x10 CMakeFiles/pico_bootloader.dir/pico-sdk/src/common/pico_sync/lock_core.c.obj
                0x100008a4                lock_init
 .text.mutex_init
                0x100008b4       0x1a CMakeFiles/pico_bootloader.dir/pico-sdk/src/common/pico_sync/mutex.c.obj
                0x100008b4                mutex_init
 .text.recursive_mutex_init
                0x100008ce       0x1e CMakeFiles/pico_bootloader.dir/pico-sdk/src/common/pico_sync/mutex.c.obj
                0x100008ce                recursive_mutex_init
 .text.alarm_pool_post_alloc_init
                0x100008ec       0x40 CMakeFiles/pico_bootloader.dir/pico-sdk/src/common/pico_time/time.c.obj
 .text.sleep_until_callback
                0x1000092c       0x30 CMakeFiles/pico_bootloader.dir/pico-sdk/src/common/pico_time/time.c.obj
 .text.timer_pool_entry_comparator
                0x1000095c       0x7c CMakeFiles/pico_bootloader.dir/pico-sdk/src/common/pico_time/time.c.obj
                0x1000095c                timer_pool_entry_comparator
 .text.ph_add_child_node
                0x100009d8       0xa4 CMakeFiles/pico_bootloader.dir/pico-sdk/src/common/pico_time/time.c.obj
 .text.ph_merge_nodes
                0x10000a7c       0x3e CMakeFiles/pico_bootloader.dir/pico-sdk/src/common/pico_time/time.c.obj
 *fill*         0x10000aba        0x2 
 .text.add_alarm_under_lock
                0x10000abc      0x174 CMakeFiles/pico_bootloader.dir/pico-sdk/src/common/pico_time/time.c.obj
 .text.alarm_pool_alarm_callback
                0x10000c30      0x33c CMakeFiles/pico_bootloader.dir/pico-sdk/src/common/pico_time/time.c.obj
 .text.alarm_pool_init_default
                0x10000f6c       0x40 CMakeFiles/pico_bootloader.dir/pico-sdk/src/common/pico_time/time.c.obj
                0x10000f6c                alarm_pool_init_default
 .text.alarm_pool_get_default
                0x10000fac       0x2c CMakeFiles/pico_bootloader.dir/pico-sdk/src/common/pico_time/time.c.obj
                0x10000fac                alarm_pool_get_default
 .text.alarm_pool_add_alarm_at
                0x10000fd8      0x168 CMakeFiles/pico_bootloader.dir/pico-sdk/src/common/pico_time/time.c.obj
                0x10000fd8                alarm_pool_add_alarm_at
 .text.alarm_pool_cancel_alarm
                0x10001140       0xf8 CMakeFiles/pico_bootloader.dir/pico-sdk/src/common/pico_time/time.c.obj
                0x10001140                alarm_pool_cancel_alarm
 .text.sleep_until
                0x10001238       0xfc CMakeFiles/pico_bootloader.dir/pico-sdk/src/common/pico_time/time.c.obj
                0x10001238                sleep_until
 .text.sleep_us
                0x10001334       0x58 CMakeFiles/pico_bootloader.dir/pico-sdk/src/common/pico_time/time.c.obj
                0x10001334                sleep_us
 .text.sleep_ms
                0x1000138c       0x14 CMakeFiles/pico_bootloader.dir/pico-sdk/src/common/pico_time/time.c.obj
                0x1000138c                sleep_ms
 .text.best_effort_wfe_or_timeout
                0x100013a0       0xac CMakeFiles/pico_bootloader.dir/pico-sdk/src/common/pico_time/time.c.obj
                0x100013a0                best_effort_wfe_or_timeout
 .text.hardware_alarm_irq_handler
                0x1000144c       0x90 CMakeFiles/pico_bootloader.dir/pico-sdk/src/rp2_common/hardware_timer/timer.c.obj
 .text.hardware_alarm_claim
                0x100014dc       0x18 CMakeFiles/pico_bootloader.dir/pico-sdk/src/rp2_common/hardware_timer/timer.c.obj
                0x100014dc                hardware_alarm_claim
 .text.time_us_64
                0x100014f4       0x18 CMakeFiles/pico_bootloader.dir/pico-sdk/src/rp2_common/hardware_timer/timer.c.obj
                0x100014f4                time_us_64
 .text.busy_wait_until
                0x1000150c       0x28 CMakeFiles/pico_bootloader.dir/pico-sdk/src/rp2_common/hardware_timer/timer.c.obj
                0x1000150c                busy_wait_until
 .text.busy_wait_us
                0x10001534       0x48 CMakeFiles/pico_bootloader.dir/pico-sdk/src/rp2_common/hardware_timer/timer.c.obj
                0x10001534                busy_wait_us
 .text.hardware_alarm_set_callback
                0x1000157c       0x90 CMakeFiles/pico_bootloader.dir/pico-sdk/src/rp2_common/hardware_timer/timer.c.obj
                0x1000157c                hardware_alarm_set_callback
 .text.hardware_alarm_set_target
                0x1000160c       0xe8 CMakeFiles/pico_bootloader.dir/pico-sdk/src/rp2_common/hardware_timer/timer.c.obj
                0x1000160c                hardware_alarm_set_target
 .text.hardware_alarm_cancel
                0x100016f4       0x40 CMakeFiles/pico_bootloader.dir/pico-sdk/src/rp2_common/hardware_timer/timer.c.obj
                0x100016f4                hardware_alarm_cancel
 .text.ph_add_child_node
                0x10001734       0xa4 CMakeFiles/pico_bootloader.dir/pico-sdk/src/common/pico_util/pheap.c.obj
 .text.ph_merge_nodes
                0x100017d8       0x3e CMakeFiles/pico_bootloader.dir/pico-sdk/src/common/pico_util/pheap.c.obj
 *fill*         0x10001816        0x2 
 .text.ph_clear
                0x10001818       0x70 CMakeFiles/pico_bootloader.dir/pico-sdk/src/common/pico_util/pheap.c.obj
                0x10001818                ph_clear
 .text.ph_post_alloc_init
                0x10001888        0xe CMakeFiles/pico_bootloader.dir/pico-sdk/src/common/pico_util/pheap.c.obj
                0x10001888                ph_post_alloc_init
 *fill*         0x10001896        0x2 
 .text.ph_merge_two_pass
                0x10001898       0xa8 CMakeFiles/pico_bootloader.dir/pico-sdk/src/common/pico_util/pheap.c.obj
                0x10001898                ph_merge_two_pass
 .text.ph_remove_any_head
                0x10001940      0x128 CMakeFiles/pico_bootloader.dir/pico-sdk/src/common/pico_util/pheap.c.obj
 .text.ph_remove_head
                0x10001a68       0x14 CMakeFiles/pico_bootloader.dir/pico-sdk/src/common/pico_util/pheap.c.obj
                0x10001a68                ph_remove_head
 .text.ph_remove_and_free_node
                0x10001a7c       0xf8 CMakeFiles/pico_bootloader.dir/pico-sdk/src/common/pico_util/pheap.c.obj
                0x10001a7c                ph_remove_and_free_node
 .text.uart_disable_before_lcr_write
                0x10001b74       0x48 CMakeFiles/pico_bootloader.dir/pico-sdk/src/rp2_common/hardware_uart/uart.c.obj
 .text.uart_write_lcr_bits_masked
                0x10001bbc       0x22 CMakeFiles/pico_bootloader.dir/pico-sdk/src/rp2_common/hardware_uart/uart.c.obj
 *fill*         0x10001bde        0x2 
 .text.uart_set_baudrate
                0x10001be0       0x5c CMakeFiles/pico_bootloader.dir/pico-sdk/src/rp2_common/hardware_uart/uart.c.obj
                0x10001be0                uart_set_baudrate
 .text.uart_set_format
                0x10001c3c       0x2c CMakeFiles/pico_bootloader.dir/pico-sdk/src/rp2_common/hardware_uart/uart.c.obj
                0x10001c3c                uart_set_format
 .text.uart_set_translate_crlf
                0x10001c68       0x28 CMakeFiles/pico_bootloader.dir/pico-sdk/src/rp2_common/hardware_uart/uart.c.obj
                0x10001c68                uart_set_translate_crlf
 .text.uart_init
                0x10001c90       0x80 CMakeFiles/pico_bootloader.dir/pico-sdk/src/rp2_common/hardware_uart/uart.c.obj
                0x10001c90                uart_init
 .text.clock_configure
                0x10001d10      0x108 CMakeFiles/pico_bootloader.dir/pico-sdk/src/rp2_common/hardware_clocks/clocks.c.obj
                0x10001d10                clock_configure
 .text.clocks_init
                0x10001e18      0x100 CMakeFiles/pico_bootloader.dir/pico-sdk/src/rp2_common/hardware_clocks/clocks.c.obj
                0x10001e18                clocks_init
 .text.clock_get_hz
                0x10001f18        0xc CMakeFiles/pico_bootloader.dir/pico-sdk/src/rp2_common/hardware_clocks/clocks.c.obj
                0x10001f18                clock_get_hz
 .text.pll_init
                0x10001f24      0x120 CMakeFiles/pico_bootloader.dir/pico-sdk/src/rp2_common/hardware_pll/pll.c.obj
                0x10001f24                pll_init
 .text.watchdog_start_tick
                0x10002044       0x10 CMakeFiles/pico_bootloader.dir/pico-sdk/src/rp2_common/hardware_watchdog/watchdog.c.obj
                0x10002044                watchdog_start_tick
 .text.xosc_init
                0x10002054       0x28 CMakeFiles/pico_bootloader.dir/pico-sdk/src/rp2_common/hardware_xosc/xosc.c.obj
                0x10002054                xosc_init
 .text._exit    0x1000207c        0x4 CMakeFiles/pico_bootloader.dir/pico-sdk/src/rp2_common/pico_runtime/runtime.c.obj
                0x1000207c                _exit
 .text.exit     0x10002080        0x6 CMakeFiles/pico_bootloader.dir/pico-sdk/src/rp2_common/pico_runtime/runtime.c.obj
                0x10002080                exit
 *fill*         0x10002086        0x2 
 .text.__assert_func
                0x10002088       0x3c CMakeFiles/pico_bootloader.dir/pico-sdk/src/rp2_common/pico_runtime/runtime.c.obj
                0x10002088                __assert_func
 .text.runtime_init
                0x100020c4       0xf8 CMakeFiles/pico_bootloader.dir/pico-sdk/src/rp2_common/pico_runtime/runtime.c.obj
                0x100020c4                runtime_init
 .text.panic    0x100021bc       0x30 CMakeFiles/pico_bootloader.dir/pico-sdk/src/rp2_common/pico_runtime/runtime.c.obj
                0x100021bc                panic
 .text._out_null
                0x100021ec        0x2 CMakeFiles/pico_bootloader.dir/pico-sdk/src/rp2_common/pico_printf/printf.c.obj
 .text._out_fct
                0x100021ee        0xe CMakeFiles/pico_bootloader.dir/pico-sdk/src/rp2_common/pico_printf/printf.c.obj
 .text._atoi    0x100021fc       0x24 CMakeFiles/pico_bootloader.dir/pico-sdk/src/rp2_common/pico_printf/printf.c.obj
 .text._out_rev
                0x10002220       0xae CMakeFiles/pico_bootloader.dir/pico-sdk/src/rp2_common/pico_printf/printf.c.obj
 .text._ntoa_format
                0x100022ce      0x112 CMakeFiles/pico_bootloader.dir/pico-sdk/src/rp2_common/pico_printf/printf.c.obj
 .text._ntoa_long
                0x100023e0       0xbc CMakeFiles/pico_bootloader.dir/pico-sdk/src/rp2_common/pico_printf/printf.c.obj
 .text._ntoa_long_long
                0x1000249c       0xe2 CMakeFiles/pico_bootloader.dir/pico-sdk/src/rp2_common/pico_printf/printf.c.obj
 *fill*         0x1000257e        0x2 
 .text._etoa    0x10002580      0x414 CMakeFiles/pico_bootloader.dir/pico-sdk/src/rp2_common/pico_printf/printf.c.obj
 .text._ftoa    0x10002994      0x354 CMakeFiles/pico_bootloader.dir/pico-sdk/src/rp2_common/pico_printf/printf.c.obj
 .text._vsnprintf
                0x10002ce8      0x624 CMakeFiles/pico_bootloader.dir/pico-sdk/src/rp2_common/pico_printf/printf.c.obj
 .text.vfctprintf
                0x1000330c       0x20 CMakeFiles/pico_bootloader.dir/pico-sdk/src/rp2_common/pico_printf/printf.c.obj
                0x1000330c                vfctprintf
 .text          0x1000332c       0x10 CMakeFiles/pico_bootloader.dir/pico-sdk/src/rp2_common/pico_bit_ops/bit_ops_aeabi.S.obj
 .text.rom_func_lookup
                0x1000333c       0x10 CMakeFiles/pico_bootloader.dir/pico-sdk/src/rp2_common/pico_bootrom/bootrom.c.obj
                0x1000333c                rom_func_lookup
 .text.rom_data_lookup
                0x1000334c       0x10 CMakeFiles/pico_bootloader.dir/pico-sdk/src/rp2_common/pico_bootrom/bootrom.c.obj
                0x1000334c                rom_data_lookup
 .text.rom_funcs_lookup
                0x1000335c       0x36 CMakeFiles/pico_bootloader.dir/pico-sdk/src/rp2_common/pico_bootrom/bootrom.c.obj
                0x1000335c                rom_funcs_lookup
 *fill*         0x10003392        0x2 
 .text.__wrap___aeabi_idiv
                0x10003394       0x50 CMakeFiles/pico_bootloader.dir/pico-sdk/src/rp2_common/pico_divider/divider.S.obj
                0x10003394                __wrap___aeabi_idivmod
                0x10003394                divmod_s32s32
                0x10003394                div_s32s32
                0x10003394                __wrap___aeabi_idiv
                0x1000339c                divmod_s32s32_unsafe
                0x100033c8                divmod_s32s32_savestate
 .text.__wrap___aeabi_uidiv
                0x100033e4       0x4c CMakeFiles/pico_bootloader.dir/pico-sdk/src/rp2_common/pico_divider/divider.S.obj
                0x100033e4                __wrap___aeabi_uidiv
                0x100033e4                __wrap___aeabi_uidivmod
                0x100033e4                div_u32u32
                0x100033e4                divmod_u32u32
                0x100033ec                divmod_u32u32_unsafe
                0x10003414                divmod_u32u32_savestate
 .text.__wrap___aeabi_ldiv
                0x10003430      0x424 CMakeFiles/pico_bootloader.dir/pico-sdk/src/rp2_common/pico_divider/divider.S.obj
                0x10003430                div_s64s64
                0x10003430                divmod_s64s64
                0x10003430                __wrap___aeabi_ldivmod
                0x10003460                divmod_u64u64
                0x10003460                div_u64u64
                0x10003460                __wrap___aeabi_uldivmod
                0x10003470                divmod_u64u64_savestate
                0x10003490                divmod_s64s64_unsafe
                0x10003518                divmod_u64u64_unsafe
 .text.__wrap___aeabi_darithmetic
                0x10003854       0x80 CMakeFiles/pico_bootloader.dir/pico-sdk/src/rp2_common/pico_double/double_aeabi.S.obj
                0x10003854                __wrap___aeabi_drsub
                0x1000385a                __wrap___aeabi_dsub
                0x1000386c                __wrap___aeabi_dadd
                0x1000387e                __wrap___aeabi_ddiv
                0x100038ba                __wrap___aeabi_dmul
 .text.__wrap___aeabi_cdcmple
                0x100038d4       0x6c CMakeFiles/pico_bootloader.dir/pico-sdk/src/rp2_common/pico_double/double_aeabi.S.obj
                0x100038d4                __wrap___aeabi_cdrcmple
                0x100038e4                __wrap___aeabi_cdcmpeq
                0x100038e4                __wrap___aeabi_cdcmple
 .text.__wrap___aeabi_dcmplt
                0x10003940        0xc CMakeFiles/pico_bootloader.dir/pico-sdk/src/rp2_common/pico_double/double_aeabi.S.obj
                0x10003940                __wrap___aeabi_dcmplt
 .text.__wrap___aeabi_dcmple
                0x1000394c       0x10 CMakeFiles/pico_bootloader.dir/pico-sdk/src/rp2_common/pico_double/double_aeabi.S.obj
                0x1000394c                __wrap___aeabi_dcmple
 .text.__wrap___aeabi_dcmpge
                0x1000395c       0x10 CMakeFiles/pico_bootloader.dir/pico-sdk/src/rp2_common/pico_double/double_aeabi.S.obj
                0x1000395c                __wrap___aeabi_dcmpge
 .text.__wrap___aeabi_dcmpgt
                0x1000396c        0xa CMakeFiles/pico_bootloader.dir/pico-sdk/src/rp2_common/pico_double/double_aeabi.S.obj
                0x1000396c                __wrap___aeabi_dcmpgt
 .text.__wrap___aeabi_dcmpun
                0x10003976       0x1c CMakeFiles/pico_bootloader.dir/pico-sdk/src/rp2_common/pico_double/double_aeabi.S.obj
                0x10003976                __wrap___aeabi_dcmpun
 *fill*         0x10003992        0x2 
 .text.__wrap___aeabi_i2d
                0x10003994       0x38 CMakeFiles/pico_bootloader.dir/pico-sdk/src/rp2_common/pico_double/double_aeabi.S.obj
                0x10003994                __wrap___aeabi_ui2d
                0x1000399c                __wrap___aeabi_i2d
 .text.__wrap___aeabi_d2iz
                0x100039cc       0x48 CMakeFiles/pico_bootloader.dir/pico-sdk/src/rp2_common/pico_double/double_aeabi.S.obj
                0x100039cc                double2int_z
                0x100039cc                __wrap___aeabi_d2iz
 .text.__wrap___aeabi_d2uiz
                0x10003a14       0x18 CMakeFiles/pico_bootloader.dir/pico-sdk/src/rp2_common/pico_double/double_aeabi.S.obj
                0x10003a14                __wrap___aeabi_d2uiz
                0x10003a14                double2uint
 .text.__aeabi_double_init
                0x10003a2c       0xc8 CMakeFiles/pico_bootloader.dir/pico-sdk/src/rp2_common/pico_double/double_init_rom.c.obj
                0x10003a2c                __aeabi_double_init
 .text.double_table_shim_on_use_helper
                0x10003af4       0x34 CMakeFiles/pico_bootloader.dir/pico-sdk/src/rp2_common/pico_double/double_v1_rom_shim.S.obj
                0x10003af4                double_table_shim_on_use_helper
 .text.__wrap___aeabi_dsub
                0x10003b28       0x10 CMakeFiles/pico_bootloader.dir/pico-sdk/src/rp2_common/pico_double/double_v1_rom_shim.S.obj
                0x10003b28                drsub_shim
                0x10003b2e                dsub_shim
 .text.dadd_shim
                0x10003b38      0x15c CMakeFiles/pico_bootloader.dir/pico-sdk/src/rp2_common/pico_double/double_v1_rom_shim.S.obj
                0x10003b38                dadd_shim
 .text.dmul_shim
                0x10003c94      0x15c CMakeFiles/pico_bootloader.dir/pico-sdk/src/rp2_common/pico_double/double_v1_rom_shim.S.obj
                0x10003c94                dmul_shim
 .text.ddiv_shim
                0x10003df0      0x1b0 CMakeFiles/pico_bootloader.dir/pico-sdk/src/rp2_common/pico_double/double_v1_rom_shim.S.obj
                0x10003df0                ddiv_shim
 .text.double2uint_shim
                0x10003fa0        0xe CMakeFiles/pico_bootloader.dir/pico-sdk/src/rp2_common/pico_double/double_v1_rom_shim.S.obj
                0x10003fa0                double2uint_shim
                0x10003fa2                double2ufix_shim
 *fill*         0x10003fae        0x2 
 .text.double2uint64_shim
                0x10003fb0       0x70 CMakeFiles/pico_bootloader.dir/pico-sdk/src/rp2_common/pico_double/double_v1_rom_shim.S.obj
                0x10003fb0                double2uint64_shim
                0x10003fb2                double2ufix64_shim
                0x10003fd2                d2fix_a
 .text.dunpacks
                0x10004020       0x3c CMakeFiles/pico_bootloader.dir/pico-sdk/src/rp2_common/pico_double/double_v1_rom_shim.S.obj
                0x10004020                dunpacks
 .text.__aeabi_lmul
                0x1000405c       0x32 CMakeFiles/pico_bootloader.dir/pico-sdk/src/rp2_common/pico_int64_ops/pico_int64_ops_aeabi.S.obj
                0x1000405c                __wrap___aeabi_lmul
 *fill*         0x1000408e        0x2 
 .text.__aeabi_float_init
                0x10004090       0xfc CMakeFiles/pico_bootloader.dir/pico-sdk/src/rp2_common/pico_float/float_init_rom.c.obj
                0x10004090                __aeabi_float_init
 .text.float_table_shim_on_use_helper
                0x1000418c       0x34 CMakeFiles/pico_bootloader.dir/pico-sdk/src/rp2_common/pico_float/float_v1_rom_shim.S.obj
                0x1000418c                float_table_shim_on_use_helper
 .text          0x100041c0       0x10 CMakeFiles/pico_bootloader.dir/pico-sdk/src/rp2_common/pico_mem_ops/mem_ops_aeabi.S.obj
                0x100041c0                __aeabi_mem_init
 .text.memcpy   0x100041d0        0xc CMakeFiles/pico_bootloader.dir/pico-sdk/src/rp2_common/pico_mem_ops/mem_ops_aeabi.S.obj
                0x100041d0                __wrap_memcpy
                0x100041d0                __wrap___aeabi_memcpy
 .text.stdio_out_chars_no_crlf
                0x100041dc        0xe CMakeFiles/pico_bootloader.dir/pico-sdk/src/rp2_common/pico_stdio/stdio.c.obj
 *fill*         0x100041ea        0x2 
 .text.stdio_out_chars_crlf
                0x100041ec       0x80 CMakeFiles/pico_bootloader.dir/pico-sdk/src/rp2_common/pico_stdio/stdio.c.obj
 .text.stdio_stack_buffer_flush
                0x1000426c       0x44 CMakeFiles/pico_bootloader.dir/pico-sdk/src/rp2_common/pico_stdio/stdio.c.obj
 .text.stdio_buffered_printer
                0x100042b0       0x20 CMakeFiles/pico_bootloader.dir/pico-sdk/src/rp2_common/pico_stdio/stdio.c.obj
 .text.stdout_serialize_begin
                0x100042d0       0x5c CMakeFiles/pico_bootloader.dir/pico-sdk/src/rp2_common/pico_stdio/stdio.c.obj
                0x100042d0                stdout_serialize_begin
 .text.stdout_serialize_end
                0x1000432c       0x10 CMakeFiles/pico_bootloader.dir/pico-sdk/src/rp2_common/pico_stdio/stdio.c.obj
                0x1000432c                stdout_serialize_end
 .text.stdio_put_string
                0x1000433c       0x98 CMakeFiles/pico_bootloader.dir/pico-sdk/src/rp2_common/pico_stdio/stdio.c.obj
 .text.stdio_set_driver_enabled
                0x100043d4       0x2c CMakeFiles/pico_bootloader.dir/pico-sdk/src/rp2_common/pico_stdio/stdio.c.obj
                0x100043d4                stdio_set_driver_enabled
 .text.stdio_flush
                0x10004400       0x20 CMakeFiles/pico_bootloader.dir/pico-sdk/src/rp2_common/pico_stdio/stdio.c.obj
                0x10004400                stdio_flush
 .text.__wrap_puts
                0x10004420       0x1e CMakeFiles/pico_bootloader.dir/pico-sdk/src/rp2_common/pico_stdio/stdio.c.obj
                0x10004420                __wrap_puts
 *fill*         0x1000443e        0x2 
 .text.__wrap_vprintf
                0x10004440       0x40 CMakeFiles/pico_bootloader.dir/pico-sdk/src/rp2_common/pico_stdio/stdio.c.obj
                0x10004440                __wrap_vprintf
 .text.__wrap_printf
                0x10004480       0x18 CMakeFiles/pico_bootloader.dir/pico-sdk/src/rp2_common/pico_stdio/stdio.c.obj
                0x10004480                __wrap_printf
 .text.stdio_init_all
                0x10004498        0xa CMakeFiles/pico_bootloader.dir/pico-sdk/src/rp2_common/pico_stdio/stdio.c.obj
                0x10004498                stdio_init_all
 *fill*         0x100044a2        0x2 
 .text.stdio_uart_out_chars
                0x100044a4       0x74 CMakeFiles/pico_bootloader.dir/pico-sdk/src/rp2_common/pico_stdio_uart/stdio_uart.c.obj
 .text.stdio_uart_in_chars
                0x10004518       0x80 CMakeFiles/pico_bootloader.dir/pico-sdk/src/rp2_common/pico_stdio_uart/stdio_uart.c.obj
                0x10004518                stdio_uart_in_chars
 .text.on_uart_rx
                0x10004598       0x28 CMakeFiles/pico_bootloader.dir/pico-sdk/src/rp2_common/pico_stdio_uart/stdio_uart.c.obj
 .text.stdio_uart_set_chars_available_callback
                0x100045c0       0x8c CMakeFiles/pico_bootloader.dir/pico-sdk/src/rp2_common/pico_stdio_uart/stdio_uart.c.obj
 .text.stdio_uart_init_full
                0x1000464c       0x44 CMakeFiles/pico_bootloader.dir/pico-sdk/src/rp2_common/pico_stdio_uart/stdio_uart.c.obj
                0x1000464c                stdio_uart_init_full
 .text.stdio_uart_init
                0x10004690       0x28 CMakeFiles/pico_bootloader.dir/pico-sdk/src/rp2_common/pico_stdio_uart/stdio_uart.c.obj
                0x10004690                stdio_uart_init
 .text.strlen   0x100046b8       0x5c c:/progra~2/gnuarm~1/102021~1.10/bin/../lib/gcc/arm-none-eabi/10.3.1/../../../../arm-none-eabi/lib/thumb/v6-m/nofp\libg.a(lib_a-strlen-stub.o)
                0x100046b8                strlen
 *(.fini)
 .fini          0x10004714        0x4 c:/progra~2/gnuarm~1/102021~1.10/bin/../lib/gcc/arm-none-eabi/10.3.1/thumb/v6-m/nofp/crti.o
                0x10004714                _fini
 .fini.__stub   0x10004718       0x40 linker stubs
 *crtbegin.o(.ctors)
 *crtbegin?.o(.ctors)
 *(EXCLUDE_FILE(*crtend.o *crtend?.o) .ctors)
 *(SORT_BY_NAME(.ctors.*))
 *(.ctors)
 *crtbegin.o(.dtors)
 *crtbegin?.o(.dtors)
 *(EXCLUDE_FILE(*crtend.o *crtend?.o) .dtors)
 *(SORT_BY_NAME(.dtors.*))
 *(.dtors)
 *(.eh_frame*)
 .eh_frame      0x10004758        0x0 c:/progra~2/gnuarm~1/102021~1.10/bin/../lib/gcc/arm-none-eabi/10.3.1/thumb/v6-m/nofp/crtbegin.o
                0x10004758                . = ALIGN (0x4)

.glue_7         0x10004758        0x0
 .glue_7        0x10004758        0x0 linker stubs

.glue_7t        0x10004758        0x0
 .glue_7t       0x10004758        0x0 linker stubs

.vfp11_veneer   0x10004758        0x0
 .vfp11_veneer  0x10004758        0x0 linker stubs

.v4_bx          0x10004758        0x0
 .v4_bx         0x10004758        0x0 linker stubs

.iplt           0x10004758        0x0
 .iplt          0x10004758        0x0 c:/progra~2/gnuarm~1/102021~1.10/bin/../lib/gcc/arm-none-eabi/10.3.1/thumb/v6-m/nofp/crtbegin.o

.rodata         0x10004758     0x1030
 *(EXCLUDE_FILE(*libm.a: *libc.a:*lib_a-mem*.o *libgcc.a:) .rodata*)
 .rodata.main.str1.4
                0x10004758       0x4f CMakeFiles/pico_bootloader.dir/main.c.obj
 *fill*         0x100047a7        0x1 
 .rodata.read_data_from_main.str1.4
                0x100047a8       0x22 CMakeFiles/pico_bootloader.dir/app.c.obj
 *fill*         0x100047ca        0x2 
 .rodata.make_branch.str1.4
                0x100047cc       0x77 CMakeFiles/pico_bootloader.dir/pico-sdk/src/rp2_common/hardware_irq/irq.c.obj
 *fill*         0x10004843        0x1 
 .rodata.insert_branch_and_link.str1.4
                0x10004844       0x10 CMakeFiles/pico_bootloader.dir/pico-sdk/src/rp2_common/hardware_irq/irq.c.obj
 .rodata.irq_set_exclusive_handler.str1.4
                0x10004854       0x36 CMakeFiles/pico_bootloader.dir/pico-sdk/src/rp2_common/hardware_irq/irq.c.obj
 *fill*         0x1000488a        0x2 
 .rodata.irq_add_shared_handler.str1.4
                0x1000488c       0xd9 CMakeFiles/pico_bootloader.dir/pico-sdk/src/rp2_common/hardware_irq/irq.c.obj
 *fill*         0x10004965        0x3 
 .rodata.irq_remove_handler.str1.4
                0x10004968       0x3a CMakeFiles/pico_bootloader.dir/pico-sdk/src/rp2_common/hardware_irq/irq.c.obj
 *fill*         0x100049a2        0x2 
 .rodata.irq_add_tail_to_free_list.str1.4
                0x100049a4       0x3a CMakeFiles/pico_bootloader.dir/pico-sdk/src/rp2_common/hardware_irq/irq.c.obj
 *fill*         0x100049de        0x2 
 .rodata.__func__.0
                0x100049e0       0x1a CMakeFiles/pico_bootloader.dir/pico-sdk/src/rp2_common/hardware_irq/irq.c.obj
 *fill*         0x100049fa        0x2 
 .rodata.__func__.1
                0x100049fc       0x17 CMakeFiles/pico_bootloader.dir/pico-sdk/src/rp2_common/hardware_irq/irq.c.obj
 *fill*         0x10004a13        0x1 
 .rodata.__func__.2
                0x10004a14       0x13 CMakeFiles/pico_bootloader.dir/pico-sdk/src/rp2_common/hardware_irq/irq.c.obj
 *fill*         0x10004a27        0x1 
 .rodata.__func__.3
                0x10004a28        0xc CMakeFiles/pico_bootloader.dir/pico-sdk/src/rp2_common/hardware_irq/irq.c.obj
 .rodata.__func__.4
                0x10004a34        0xf CMakeFiles/pico_bootloader.dir/pico-sdk/src/rp2_common/hardware_irq/irq.c.obj
 *fill*         0x10004a43        0x1 
 .rodata.__func__.6
                0x10004a44       0x1a CMakeFiles/pico_bootloader.dir/pico-sdk/src/rp2_common/hardware_irq/irq.c.obj
 *fill*         0x10004a5e        0x2 
 .rodata.str1.4
                0x10004a60      0x101 CMakeFiles/pico_bootloader.dir/pico-sdk/src/common/pico_sync/mutex.c.obj
 *fill*         0x10004b61        0x3 
 .rodata.__func__.1
                0x10004b64        0xb CMakeFiles/pico_bootloader.dir/pico-sdk/src/common/pico_sync/mutex.c.obj
 *fill*         0x10004b6f        0x1 
 .rodata.__func__.3
                0x10004b70       0x18 CMakeFiles/pico_bootloader.dir/pico-sdk/src/common/pico_sync/mutex.c.obj
 .rodata.repeating_timer_callback.str1.4
                0x10004b88       0x55 CMakeFiles/pico_bootloader.dir/pico-sdk/src/common/pico_time/time.c.obj
 *fill*         0x10004bdd        0x3 
 .rodata.timer_pool_entry_comparator.str1.4
                0x10004be0       0x22 CMakeFiles/pico_bootloader.dir/pico-sdk/src/common/pico_time/time.c.obj
 *fill*         0x10004c02        0x2 
 .rodata.ph_add_child_node.str1.4
                0x10004c04       0x9e CMakeFiles/pico_bootloader.dir/pico-sdk/src/common/pico_time/time.c.obj
 *fill*         0x10004ca2        0x2 
 .rodata.add_alarm_under_lock.str1.4
                0x10004ca4       0x28 CMakeFiles/pico_bootloader.dir/pico-sdk/src/common/pico_time/time.c.obj
                                 0x2b (size before relaxing)
 .rodata.alarm_pool_alarm_callback.str1.4
                0x10004ccc       0x98 CMakeFiles/pico_bootloader.dir/pico-sdk/src/common/pico_time/time.c.obj
                                0x104 (size before relaxing)
 .rodata.alarm_pool_get_default.str1.4
                0x10004d64       0x21 CMakeFiles/pico_bootloader.dir/pico-sdk/src/common/pico_time/time.c.obj
 *fill*         0x10004d85        0x3 
 .rodata.alarm_pool_cancel_alarm.str1.4
                0x10004d88       0x27 CMakeFiles/pico_bootloader.dir/pico-sdk/src/common/pico_time/time.c.obj
 *fill*         0x10004daf        0x1 
 .rodata.sleep_until.str1.4
                0x10004db0       0x4d CMakeFiles/pico_bootloader.dir/pico-sdk/src/common/pico_time/time.c.obj
 *fill*         0x10004dfd        0x3 
 .rodata.__func__.1
                0x10004e00       0x18 CMakeFiles/pico_bootloader.dir/pico-sdk/src/common/pico_time/time.c.obj
 .rodata.__func__.10
                0x10004e18       0x15 CMakeFiles/pico_bootloader.dir/pico-sdk/src/common/pico_time/time.c.obj
 *fill*         0x10004e2d        0x3 
 .rodata.__func__.11
                0x10004e30       0x1a CMakeFiles/pico_bootloader.dir/pico-sdk/src/common/pico_time/time.c.obj
 *fill*         0x10004e4a        0x2 
 .rodata.__func__.12
                0x10004e4c        0xa CMakeFiles/pico_bootloader.dir/pico-sdk/src/common/pico_time/time.c.obj
 *fill*         0x10004e56        0x2 
 .rodata.__func__.3
                0x10004e58       0x17 CMakeFiles/pico_bootloader.dir/pico-sdk/src/common/pico_time/time.c.obj
 *fill*         0x10004e6f        0x1 
 .rodata.__func__.4
                0x10004e70       0x12 CMakeFiles/pico_bootloader.dir/pico-sdk/src/common/pico_time/time.c.obj
 *fill*         0x10004e82        0x2 
 .rodata.__func__.5
                0x10004e84        0xd CMakeFiles/pico_bootloader.dir/pico-sdk/src/common/pico_time/time.c.obj
 *fill*         0x10004e91        0x3 
 .rodata.__func__.6
                0x10004e94       0x12 CMakeFiles/pico_bootloader.dir/pico-sdk/src/common/pico_time/time.c.obj
 *fill*         0x10004ea6        0x2 
 .rodata.__func__.7
                0x10004ea8        0xf CMakeFiles/pico_bootloader.dir/pico-sdk/src/common/pico_time/time.c.obj
 *fill*         0x10004eb7        0x1 
 .rodata.__func__.8
                0x10004eb8        0xc CMakeFiles/pico_bootloader.dir/pico-sdk/src/common/pico_time/time.c.obj
 .rodata.__func__.9
                0x10004ec4       0x15 CMakeFiles/pico_bootloader.dir/pico-sdk/src/common/pico_time/time.c.obj
 *fill*         0x10004ed9        0x3 
 .rodata.hardware_alarm_claim.str1.4
                0x10004edc       0x22 CMakeFiles/pico_bootloader.dir/pico-sdk/src/rp2_common/hardware_timer/timer.c.obj
 .rodata.busy_wait_us.str1.4
                0x10004efe       0x6b CMakeFiles/pico_bootloader.dir/pico-sdk/src/rp2_common/hardware_timer/timer.c.obj
 *fill*         0x10004efe        0x2 
 .rodata.hardware_alarm_set_target.str1.4
                0x10004f00       0x6f CMakeFiles/pico_bootloader.dir/pico-sdk/src/rp2_common/hardware_timer/timer.c.obj
 *fill*         0x10004f6f        0x1 
 .rodata.__func__.0
                0x10004f70       0x1a CMakeFiles/pico_bootloader.dir/pico-sdk/src/rp2_common/hardware_timer/timer.c.obj
 *fill*         0x10004f8a        0x2 
 .rodata.__func__.1
                0x10004f8c       0x15 CMakeFiles/pico_bootloader.dir/pico-sdk/src/rp2_common/hardware_timer/timer.c.obj
 .rodata.ph_add_child_node.str1.4
                0x10004fa1       0x9e CMakeFiles/pico_bootloader.dir/pico-sdk/src/common/pico_util/pheap.c.obj
 *fill*         0x10004fa1        0x3 
 .rodata.ph_remove_any_head.str1.4
                0x10004fa4       0x98 CMakeFiles/pico_bootloader.dir/pico-sdk/src/common/pico_util/pheap.c.obj
                                 0xac (size before relaxing)
 .rodata.ph_remove_and_free_node.str1.4
                0x1000503c       0x1e CMakeFiles/pico_bootloader.dir/pico-sdk/src/common/pico_util/pheap.c.obj
                                 0x26 (size before relaxing)
 *fill*         0x1000505a        0x2 
 .rodata.__func__.0
                0x1000505c       0x18 CMakeFiles/pico_bootloader.dir/pico-sdk/src/common/pico_util/pheap.c.obj
 .rodata.__func__.1
                0x10005074       0x13 CMakeFiles/pico_bootloader.dir/pico-sdk/src/common/pico_util/pheap.c.obj
 *fill*         0x10005087        0x1 
 .rodata.__func__.2
                0x10005088       0x12 CMakeFiles/pico_bootloader.dir/pico-sdk/src/common/pico_util/pheap.c.obj
 *fill*         0x1000509a        0x2 
 .rodata.__func__.3
                0x1000509c        0xc CMakeFiles/pico_bootloader.dir/pico-sdk/src/common/pico_util/pheap.c.obj
 .rodata.clock_configure.str1.4
                0x100050a8       0x61 CMakeFiles/pico_bootloader.dir/pico-sdk/src/rp2_common/hardware_clocks/clocks.c.obj
 *fill*         0x10005109        0x3 
 .rodata.__func__.1
                0x1000510c       0x10 CMakeFiles/pico_bootloader.dir/pico-sdk/src/rp2_common/hardware_clocks/clocks.c.obj
 .rodata.pll_init.str1.4
                0x1000511c      0x12c CMakeFiles/pico_bootloader.dir/pico-sdk/src/rp2_common/hardware_pll/pll.c.obj
 .rodata.__func__.0
                0x10005248        0x9 CMakeFiles/pico_bootloader.dir/pico-sdk/src/rp2_common/hardware_pll/pll.c.obj
 *fill*         0x10005251        0x3 
 .rodata.__assert_func.str1.4
                0x10005254       0x3f CMakeFiles/pico_bootloader.dir/pico-sdk/src/rp2_common/pico_runtime/runtime.c.obj
                                 0x43 (size before relaxing)
 *fill*         0x10005293        0x1 
 .rodata.runtime_init.str1.4
                0x10005294       0x6b CMakeFiles/pico_bootloader.dir/pico-sdk/src/rp2_common/pico_runtime/runtime.c.obj
 *fill*         0x100052ff        0x1 
 .rodata.panic.str1.4
                0x10005300       0x12 CMakeFiles/pico_bootloader.dir/pico-sdk/src/rp2_common/pico_runtime/runtime.c.obj
 *fill*         0x10005312        0x2 
 .rodata.__func__.2
                0x10005314        0xd CMakeFiles/pico_bootloader.dir/pico-sdk/src/rp2_common/pico_runtime/runtime.c.obj
 *fill*         0x10005321        0x3 
 .rodata._ftoa.str1.4
                0x10005324       0x15 CMakeFiles/pico_bootloader.dir/pico-sdk/src/rp2_common/pico_printf/printf.c.obj
 *fill*         0x10005339        0x3 
 .rodata._vsnprintf
                0x1000533c      0x1e0 CMakeFiles/pico_bootloader.dir/pico-sdk/src/rp2_common/pico_printf/printf.c.obj
 *fill*         0x1000551c        0x4 
 .rodata.pow10.0
                0x10005520       0x50 CMakeFiles/pico_bootloader.dir/pico-sdk/src/rp2_common/pico_printf/printf.c.obj
 .rodata.__aeabi_double_init.str1.4
                0x10005570       0xa6 CMakeFiles/pico_bootloader.dir/pico-sdk/src/rp2_common/pico_double/double_init_rom.c.obj
 *fill*         0x10005616        0x2 
 .rodata.__func__.0
                0x10005618       0x14 CMakeFiles/pico_bootloader.dir/pico-sdk/src/rp2_common/pico_double/double_init_rom.c.obj
 .rodata.__aeabi_float_init.str1.4
                0x1000562c       0x84 CMakeFiles/pico_bootloader.dir/pico-sdk/src/rp2_common/pico_float/float_init_rom.c.obj
                                 0x88 (size before relaxing)
 .rodata.__func__.0
                0x100056b0       0x13 CMakeFiles/pico_bootloader.dir/pico-sdk/src/rp2_common/pico_float/float_init_rom.c.obj
 *fill*         0x100056c3        0x1 
 .rodata.str1.4
                0x100056c4       0x44 CMakeFiles/pico_bootloader.dir/pico-sdk/src/rp2_common/pico_standard_link/binary_info.c.obj
 .rodata.__bi_44
                0x10005708        0xc CMakeFiles/pico_bootloader.dir/pico-sdk/src/rp2_common/pico_standard_link/binary_info.c.obj
 .rodata.__bi_75
                0x10005714        0xc CMakeFiles/pico_bootloader.dir/pico-sdk/src/rp2_common/pico_standard_link/binary_info.c.obj
 .rodata.__bi_81
                0x10005720        0xc CMakeFiles/pico_bootloader.dir/pico-sdk/src/rp2_common/pico_standard_link/binary_info.c.obj
 .rodata.stdout_serialize_begin.str1.4
                0x1000572c       0x6b CMakeFiles/pico_bootloader.dir/pico-sdk/src/rp2_common/pico_stdio/stdio.c.obj
 .rodata.__func__.3
                0x1000572c       0x15 CMakeFiles/pico_bootloader.dir/pico-sdk/src/rp2_common/pico_stdio/stdio.c.obj
 *fill*         0x10005741        0x3 
 .rodata.crlf_str.2
                0x10005744        0x2 CMakeFiles/pico_bootloader.dir/pico-sdk/src/rp2_common/pico_stdio/stdio.c.obj
 *fill*         0x10005746        0x2 
 .rodata.str1.4
                0x10005748       0x2c CMakeFiles/pico_bootloader.dir/pico-sdk/src/rp2_common/pico_stdio_uart/stdio_uart.c.obj
 .rodata.__bi_33.4
                0x10005774        0xc CMakeFiles/pico_bootloader.dir/pico-sdk/src/rp2_common/pico_stdio_uart/stdio_uart.c.obj
 .rodata.__bi_34.5
                0x10005780        0x8 CMakeFiles/pico_bootloader.dir/pico-sdk/src/rp2_common/pico_stdio_uart/stdio_uart.c.obj
                0x10005788                . = ALIGN (0x4)
 *(SORT_BY_ALIGNMENT(SORT_BY_NAME(.flashdata*)))
                0x10005788                . = ALIGN (0x4)

.ARM.extab
 *(.ARM.extab* .gnu.linkonce.armextab.*)
                0x10005788                __exidx_start = .

.ARM.exidx
 *(.ARM.exidx* .gnu.linkonce.armexidx.*)
                0x10005788                __exidx_end = .
                0x10005788                . = ALIGN (0x4)
                0x10005788                __binary_info_start = .

.binary_info    0x10005788       0x24
 *(.binary_info.keep.*)
 .binary_info.keep.__bi_ptr22
                0x10005788        0x4 CMakeFiles/pico_bootloader.dir/pico-sdk/src/rp2_common/pico_standard_link/binary_info.c.obj
 .binary_info.keep.__bi_ptr30
                0x1000578c        0x4 CMakeFiles/pico_bootloader.dir/pico-sdk/src/rp2_common/pico_standard_link/binary_info.c.obj
 .binary_info.keep.__bi_ptr38
                0x10005790        0x4 CMakeFiles/pico_bootloader.dir/pico-sdk/src/rp2_common/pico_standard_link/binary_info.c.obj
 .binary_info.keep.__bi_ptr44
                0x10005794        0x4 CMakeFiles/pico_bootloader.dir/pico-sdk/src/rp2_common/pico_standard_link/binary_info.c.obj
 .binary_info.keep.__bi_ptr50
                0x10005798        0x4 CMakeFiles/pico_bootloader.dir/pico-sdk/src/rp2_common/pico_standard_link/binary_info.c.obj
 .binary_info.keep.__bi_ptr75
                0x1000579c        0x4 CMakeFiles/pico_bootloader.dir/pico-sdk/src/rp2_common/pico_standard_link/binary_info.c.obj
 .binary_info.keep.__bi_ptr81
                0x100057a0        0x4 CMakeFiles/pico_bootloader.dir/pico-sdk/src/rp2_common/pico_standard_link/binary_info.c.obj
 *(.binary_info.*)
 .binary_info.__bi_ptr33
                0x100057a4        0x4 CMakeFiles/pico_bootloader.dir/pico-sdk/src/rp2_common/pico_stdio_uart/stdio_uart.c.obj
 .binary_info.__bi_ptr34
                0x100057a8        0x4 CMakeFiles/pico_bootloader.dir/pico-sdk/src/rp2_common/pico_stdio_uart/stdio_uart.c.obj
                0x100057ac                __binary_info_end = .
                0x100057ac                . = ALIGN (0x4)
                0x100057ac                __etext = .

.rel.dyn        0x100057ac        0x0
 .rel.iplt      0x100057ac        0x0 c:/progra~2/gnuarm~1/102021~1.10/bin/../lib/gcc/arm-none-eabi/10.3.1/thumb/v6-m/nofp/crtbegin.o

.ram_vector_table
                0x20000000       0xc0
 *(.ram_vector_table)
 .ram_vector_table
                0x20000000       0xc0 CMakeFiles/pico_bootloader.dir/pico-sdk/src/rp2_common/pico_runtime/runtime.c.obj
                0x20000000                ram_vector_table

.data           0x200000c0      0x244 load address 0x100057ac
                0x200000c0                __data_start__ = .
 *(vtable)
 *(.time_critical*)
 .time_critical.mutex_try_enter
                0x200000c0       0x46 CMakeFiles/pico_bootloader.dir/pico-sdk/src/common/pico_sync/mutex.c.obj
                0x200000c0                mutex_try_enter
 *fill*         0x20000106        0x2 
 .time_critical.mutex_enter_block_until
                0x20000108       0x8c CMakeFiles/pico_bootloader.dir/pico-sdk/src/common/pico_sync/mutex.c.obj
                0x20000108                mutex_enter_block_until
 .time_critical.mutex_try_enter_block_until
                0x20000194       0x34 CMakeFiles/pico_bootloader.dir/pico-sdk/src/common/pico_sync/mutex.c.obj
                0x20000194                mutex_try_enter_block_until
 .time_critical.mutex_exit
                0x200001c8       0x4c CMakeFiles/pico_bootloader.dir/pico-sdk/src/common/pico_sync/mutex.c.obj
                0x200001c8                mutex_exit
 *(.text*)
 .text          0x20000214        0x4 c:/progra~2/gnuarm~1/102021~1.10/bin/../lib/gcc/arm-none-eabi/10.3.1/thumb/v6-m/nofp\libgcc.a(_dvmd_tls.o)
                0x20000214                __aeabi_idiv0
                0x20000214                __aeabi_ldiv0
 .text.__stub   0x20000218       0x20 linker stubs
                0x20000238                . = ALIGN (0x4)
 *(.rodata*)
                0x20000238                . = ALIGN (0x4)
 *(.data*)
 .data.striped_spin_lock_num
                0x20000238        0x1 CMakeFiles/pico_bootloader.dir/pico-sdk/src/rp2_common/hardware_sync/sync.c.obj
 *fill*         0x20000239        0x3 
 .data          0x2000023c       0x48 CMakeFiles/pico_bootloader.dir/pico-sdk/src/rp2_common/hardware_irq/irq_handler_chain.S.obj
                0x2000023c                irq_handler_chain_slots
                0x2000026c                irq_handler_chain_first_slot
                0x20000276                irq_handler_chain_remove_tail
 .data.default_alarm_pool
                0x20000284       0x18 CMakeFiles/pico_bootloader.dir/pico-sdk/src/common/pico_time/time.c.obj
 .data.default_alarm_pool_heap
                0x2000029c       0x10 CMakeFiles/pico_bootloader.dir/pico-sdk/src/common/pico_time/time.c.obj
 *fill*         0x200002ac        0x4 
 .data.aeabi_bits_funcs
                0x200002b0       0x10 CMakeFiles/pico_bootloader.dir/pico-sdk/src/rp2_common/pico_bit_ops/bit_ops_aeabi.S.obj
                0x200002b0                aeabi_bits_funcs
                0x200002c0                aeabi_bits_funcs_end
 .data.aeabi_mem_funcs
                0x200002c0       0x10 CMakeFiles/pico_bootloader.dir/pico-sdk/src/rp2_common/pico_mem_ops/mem_ops_aeabi.S.obj
                0x200002c0                aeabi_mem_funcs
                0x200002d0                aeabi_mem_funcs_end
 .data.stdio_uart
                0x200002d0       0x18 CMakeFiles/pico_bootloader.dir/pico-sdk/src/rp2_common/pico_stdio_uart/stdio_uart.c.obj
                0x200002d0                stdio_uart
                0x200002e8                . = ALIGN (0x4)
 *(.after_data.*)
                0x200002e8                . = ALIGN (0x4)
                0x200002e8                PROVIDE (__mutex_array_start = .)
 *(SORT_BY_NAME(.mutex_array.*))
 *(.mutex_array)
 .mutex_array   0x200002e8        0x8 CMakeFiles/pico_bootloader.dir/pico-sdk/src/rp2_common/pico_stdio/stdio.c.obj
                0x200002f0                PROVIDE (__mutex_array_end = .)
                0x200002f0                . = ALIGN (0x4)
                0x200002f0                PROVIDE (__preinit_array_start = .)
 *(SORT_BY_NAME(.preinit_array.*))
 .preinit_array.00001
                0x200002f0        0x4 CMakeFiles/pico_bootloader.dir/pico-sdk/src/rp2_common/pico_mem_ops/mem_ops_aeabi.S.obj
 .preinit_array.00010
                0x200002f4        0x4 CMakeFiles/pico_bootloader.dir/pico-sdk/src/rp2_common/pico_bit_ops/bit_ops_aeabi.S.obj
 .preinit_array.00020
                0x200002f8        0x4 CMakeFiles/pico_bootloader.dir/pico-sdk/src/rp2_common/pico_double/double_aeabi.S.obj
 .preinit_array.00020
                0x200002fc        0x4 CMakeFiles/pico_bootloader.dir/pico-sdk/src/rp2_common/pico_float/float_aeabi.S.obj
 *(.preinit_array)
                0x20000300                PROVIDE (__preinit_array_end = .)
                0x20000300                . = ALIGN (0x4)
                0x20000300                PROVIDE (__init_array_start = .)
 *(SORT_BY_NAME(.init_array.*))
 *(.init_array)
 .init_array    0x20000300        0x4 c:/progra~2/gnuarm~1/102021~1.10/bin/../lib/gcc/arm-none-eabi/10.3.1/thumb/v6-m/nofp/crtbegin.o
                0x20000304                PROVIDE (__init_array_end = .)
                0x20000304                . = ALIGN (0x4)
                [!provide]                PROVIDE (__fini_array_start = .)
 *(SORT_BY_NAME(.fini_array.*))
 *(.fini_array)
                [!provide]                PROVIDE (__fini_array_end = .)
 *(.jcr)
                0x20000304                . = ALIGN (0x4)
                0x20000304                __data_end__ = .

.igot.plt       0x20000304        0x0 load address 0x100059f0
 .igot.plt      0x20000304        0x0 c:/progra~2/gnuarm~1/102021~1.10/bin/../lib/gcc/arm-none-eabi/10.3.1/thumb/v6-m/nofp/crtbegin.o

.uninitialized_data
                0x20000304        0x0 load address 0x100059f0
                0x20000304                . = ALIGN (0x4)
 *(.uninitialized_data*)

.scratch_x      0x20040000        0x0 load address 0x100059f0
                0x20040000                __scratch_x_start__ = .
 *(.scratch_x.*)
                0x20040000                . = ALIGN (0x4)
                0x20040000                __scratch_x_end__ = .
                0x100059f0                __scratch_x_source__ = LOADADDR (.scratch_x)

.scratch_y      0x20041000        0x0 load address 0x100059f0
                0x20041000                __scratch_y_start__ = .
 *(.scratch_y.*)
                0x20041000                . = ALIGN (0x4)
                0x20041000                __scratch_y_end__ = .
                0x100059f0                __scratch_y_source__ = LOADADDR (.scratch_y)

.bss            0x20000308      0x3d8
                0x20000308                . = ALIGN (0x4)
                0x20000308                __bss_start__ = .
 *(SORT_BY_ALIGNMENT(SORT_BY_NAME(.bss*)))
 .bss.default_alarm_pool_entries
                0x20000308      0x100 CMakeFiles/pico_bootloader.dir/pico-sdk/src/common/pico_time/time.c.obj
 .bss           0x20000408       0x1c c:/progra~2/gnuarm~1/102021~1.10/bin/../lib/gcc/arm-none-eabi/10.3.1/thumb/v6-m/nofp/crtbegin.o
 .bss.alarm_callbacks
                0x20000424       0x10 CMakeFiles/pico_bootloader.dir/pico-sdk/src/rp2_common/hardware_timer/timer.c.obj
 .bss.chars_available_callback
                0x20000434        0x4 CMakeFiles/pico_bootloader.dir/pico-sdk/src/rp2_common/pico_stdio_uart/stdio_uart.c.obj
 .bss.chars_available_param
                0x20000438        0x4 CMakeFiles/pico_bootloader.dir/pico-sdk/src/rp2_common/pico_stdio_uart/stdio_uart.c.obj
 .bss.configured_freq
                0x2000043c       0x28 CMakeFiles/pico_bootloader.dir/pico-sdk/src/rp2_common/hardware_clocks/clocks.c.obj
 .bss.default_alarm_pool_entry_ids_high
                0x20000464       0x10 CMakeFiles/pico_bootloader.dir/pico-sdk/src/common/pico_time/time.c.obj
 .bss.default_alarm_pool_heap_nodes
                0x20000474       0x30 CMakeFiles/pico_bootloader.dir/pico-sdk/src/common/pico_time/time.c.obj
 .bss.drivers   0x200004a4        0x4 CMakeFiles/pico_bootloader.dir/pico-sdk/src/rp2_common/pico_stdio/stdio.c.obj
 .bss.filter    0x200004a8        0x4 CMakeFiles/pico_bootloader.dir/pico-sdk/src/rp2_common/pico_stdio/stdio.c.obj
 .bss.pools     0x200004ac       0x10 CMakeFiles/pico_bootloader.dir/pico-sdk/src/common/pico_time/time.c.obj
 .bss.sd_table  0x200004bc      0x100 CMakeFiles/pico_bootloader.dir/pico-sdk/src/rp2_common/pico_double/double_init_rom.c.obj
                0x200004bc                sd_table
 .bss.sf_clz_func
                0x200005bc        0x4 CMakeFiles/pico_bootloader.dir/pico-sdk/src/rp2_common/pico_double/double_init_rom.c.obj
                0x200005bc                sf_clz_func
 .bss.sf_table  0x200005c0      0x100 CMakeFiles/pico_bootloader.dir/pico-sdk/src/rp2_common/pico_float/float_init_rom.c.obj
                0x200005c0                sf_table
 .bss.sleep_notifier
                0x200006c0        0x4 CMakeFiles/pico_bootloader.dir/pico-sdk/src/common/pico_time/time.c.obj
 .bss.target_hi
                0x200006c4       0x10 CMakeFiles/pico_bootloader.dir/pico-sdk/src/rp2_common/hardware_timer/timer.c.obj
 .bss.uart_char_to_line_feed
                0x200006d4        0x4 CMakeFiles/pico_bootloader.dir/pico-sdk/src/rp2_common/hardware_uart/uart.c.obj
                0x200006d4                uart_char_to_line_feed
 .bss.uart_instance
                0x200006d8        0x4 CMakeFiles/pico_bootloader.dir/pico-sdk/src/rp2_common/pico_stdio_uart/stdio_uart.c.obj
 .bss.claimed   0x200006dc        0x1 CMakeFiles/pico_bootloader.dir/pico-sdk/src/rp2_common/hardware_timer/timer.c.obj
 .bss.irq_hander_chain_free_slot_head
                0x200006dd        0x1 CMakeFiles/pico_bootloader.dir/pico-sdk/src/rp2_common/hardware_irq/irq.c.obj
 .bss.timer_callbacks_pending
                0x200006de        0x1 CMakeFiles/pico_bootloader.dir/pico-sdk/src/rp2_common/hardware_timer/timer.c.obj
 *(COMMON)
                0x200006e0                . = ALIGN (0x4)
 *fill*         0x200006df        0x1 
                0x200006e0                __bss_end__ = .

.heap           0x200006e0      0x800
                0x200006e0                __end__ = .
                0x200006e0                end = __end__
 *(.heap*)
 .heap          0x200006e0      0x800 CMakeFiles/pico_bootloader.dir/pico-sdk/src/rp2_common/pico_standard_link/crt0.S.obj
                0x20000ee0                __HeapLimit = .

.stack1_dummy   0x20040000        0x0
 *(.stack1*)

.stack_dummy    0x20041000      0x800
 *(.stack*)
 .stack         0x20041000      0x800 CMakeFiles/pico_bootloader.dir/pico-sdk/src/rp2_common/pico_standard_link/crt0.S.obj

.flash_end      0x100059f0        0x0
                0x100059f0                __flash_binary_end = .
                0x20040000                __StackLimit = (ORIGIN (RAM) + LENGTH (RAM))
                0x20041000                __StackOneTop = (ORIGIN (SCRATCH_X) + LENGTH (SCRATCH_X))
                0x20042000                __StackTop = (ORIGIN (SCRATCH_Y) + LENGTH (SCRATCH_Y))
                0x20041000                __StackOneBottom = (__StackOneTop - SIZEOF (.stack1_dummy))
                0x20041800                __StackBottom = (__StackTop - SIZEOF (.stack_dummy))
                0x20042000                PROVIDE (__stack = __StackTop)
                0x00000001                ASSERT ((__StackLimit >= __HeapLimit), region RAM overflowed)
                0x00000001                ASSERT (((__binary_info_header_end - __logical_binary_start) <= 0x100), Binary info must be in first 256 bytes of the binary)

.my_bootloader  0x10800000        0x0
                0x10800000                . = ALIGN (0x4)
 *(.my_bootloader)
                0x10800000                . = ALIGN (0x4)

.my_app         0x10802000        0x0
                0x10802000                . = ALIGN (0x4)
 *(.my_app)
                0x10802000                . = ALIGN (0x4)

.my_data        0x10804000        0x0
                0x10804000                . = ALIGN (0x4)
 *(.my_data)
                0x10804000                . = ALIGN (0x4)

.my_magic       0x10804020        0x0
                0x10804020                . = ALIGN (0x4)
 *(.my_magic)
                0x10804020                . = ALIGN (0x4)
LOAD CMakeFiles/pico_bootloader.dir/main.c.obj
LOAD CMakeFiles/pico_bootloader.dir/app.c.obj
LOAD CMakeFiles/pico_bootloader.dir/pico-sdk/src/rp2_common/pico_stdlib/stdlib.c.obj
LOAD CMakeFiles/pico_bootloader.dir/pico-sdk/src/rp2_common/hardware_gpio/gpio.c.obj
LOAD CMakeFiles/pico_bootloader.dir/pico-sdk/src/rp2_common/pico_platform/platform.c.obj
LOAD CMakeFiles/pico_bootloader.dir/pico-sdk/src/rp2_common/hardware_claim/claim.c.obj
LOAD CMakeFiles/pico_bootloader.dir/pico-sdk/src/rp2_common/hardware_sync/sync.c.obj
LOAD CMakeFiles/pico_bootloader.dir/pico-sdk/src/rp2_common/hardware_irq/irq.c.obj
LOAD CMakeFiles/pico_bootloader.dir/pico-sdk/src/rp2_common/hardware_irq/irq_handler_chain.S.obj
LOAD CMakeFiles/pico_bootloader.dir/pico-sdk/src/common/pico_sync/sem.c.obj
LOAD CMakeFiles/pico_bootloader.dir/pico-sdk/src/common/pico_sync/lock_core.c.obj
LOAD CMakeFiles/pico_bootloader.dir/pico-sdk/src/common/pico_sync/mutex.c.obj
LOAD CMakeFiles/pico_bootloader.dir/pico-sdk/src/common/pico_sync/critical_section.c.obj
LOAD CMakeFiles/pico_bootloader.dir/pico-sdk/src/common/pico_time/time.c.obj
LOAD CMakeFiles/pico_bootloader.dir/pico-sdk/src/common/pico_time/timeout_helper.c.obj
LOAD CMakeFiles/pico_bootloader.dir/pico-sdk/src/rp2_common/hardware_timer/timer.c.obj
LOAD CMakeFiles/pico_bootloader.dir/pico-sdk/src/common/pico_util/datetime.c.obj
LOAD CMakeFiles/pico_bootloader.dir/pico-sdk/src/common/pico_util/pheap.c.obj
LOAD CMakeFiles/pico_bootloader.dir/pico-sdk/src/common/pico_util/queue.c.obj
LOAD CMakeFiles/pico_bootloader.dir/pico-sdk/src/rp2_common/hardware_uart/uart.c.obj
LOAD CMakeFiles/pico_bootloader.dir/pico-sdk/src/rp2_common/hardware_clocks/clocks.c.obj
LOAD CMakeFiles/pico_bootloader.dir/pico-sdk/src/rp2_common/hardware_pll/pll.c.obj
LOAD CMakeFiles/pico_bootloader.dir/pico-sdk/src/rp2_common/hardware_vreg/vreg.c.obj
LOAD CMakeFiles/pico_bootloader.dir/pico-sdk/src/rp2_common/hardware_watchdog/watchdog.c.obj
LOAD CMakeFiles/pico_bootloader.dir/pico-sdk/src/rp2_common/hardware_xosc/xosc.c.obj
LOAD CMakeFiles/pico_bootloader.dir/pico-sdk/src/rp2_common/hardware_divider/divider.S.obj
LOAD CMakeFiles/pico_bootloader.dir/pico-sdk/src/rp2_common/pico_runtime/runtime.c.obj
LOAD CMakeFiles/pico_bootloader.dir/pico-sdk/src/rp2_common/pico_printf/printf.c.obj
LOAD CMakeFiles/pico_bootloader.dir/pico-sdk/src/rp2_common/pico_bit_ops/bit_ops_aeabi.S.obj
LOAD CMakeFiles/pico_bootloader.dir/pico-sdk/src/rp2_common/pico_bootrom/bootrom.c.obj
LOAD CMakeFiles/pico_bootloader.dir/pico-sdk/src/rp2_common/pico_divider/divider.S.obj
LOAD CMakeFiles/pico_bootloader.dir/pico-sdk/src/rp2_common/pico_double/double_aeabi.S.obj
LOAD CMakeFiles/pico_bootloader.dir/pico-sdk/src/rp2_common/pico_double/double_init_rom.c.obj
LOAD CMakeFiles/pico_bootloader.dir/pico-sdk/src/rp2_common/pico_double/double_math.c.obj
LOAD CMakeFiles/pico_bootloader.dir/pico-sdk/src/rp2_common/pico_double/double_v1_rom_shim.S.obj
LOAD CMakeFiles/pico_bootloader.dir/pico-sdk/src/rp2_common/pico_int64_ops/pico_int64_ops_aeabi.S.obj
LOAD CMakeFiles/pico_bootloader.dir/pico-sdk/src/rp2_common/pico_float/float_aeabi.S.obj
LOAD CMakeFiles/pico_bootloader.dir/pico-sdk/src/rp2_common/pico_float/float_init_rom.c.obj
LOAD CMakeFiles/pico_bootloader.dir/pico-sdk/src/rp2_common/pico_float/float_math.c.obj
LOAD CMakeFiles/pico_bootloader.dir/pico-sdk/src/rp2_common/pico_float/float_v1_rom_shim.S.obj
LOAD CMakeFiles/pico_bootloader.dir/pico-sdk/src/rp2_common/pico_malloc/pico_malloc.c.obj
LOAD CMakeFiles/pico_bootloader.dir/pico-sdk/src/rp2_common/pico_mem_ops/mem_ops_aeabi.S.obj
LOAD CMakeFiles/pico_bootloader.dir/pico-sdk/src/rp2_common/pico_standard_link/crt0.S.obj
LOAD CMakeFiles/pico_bootloader.dir/pico-sdk/src/rp2_common/pico_standard_link/new_delete.cpp.obj
LOAD CMakeFiles/pico_bootloader.dir/pico-sdk/src/rp2_common/pico_standard_link/binary_info.c.obj
LOAD CMakeFiles/pico_bootloader.dir/pico-sdk/src/rp2_common/pico_stdio/stdio.c.obj
LOAD CMakeFiles/pico_bootloader.dir/pico-sdk/src/rp2_common/pico_stdio_uart/stdio_uart.c.obj
LOAD CMakeFiles/pico_bootloader.dir/pico-sdk/src/rp2_common/hardware_flash/flash.c.obj
LOAD C:\Users\UMUTKL~1\AppData\Local\Temp\ccEPvYqu.o
LOAD c:/progra~2/gnuarm~1/102021~1.10/bin/../lib/gcc/arm-none-eabi/10.3.1/../../../../arm-none-eabi/lib/thumb/v6-m/nofp\libstdc++.a
LOAD c:/progra~2/gnuarm~1/102021~1.10/bin/../lib/gcc/arm-none-eabi/10.3.1/../../../../arm-none-eabi/lib/thumb/v6-m/nofp\libm.a
START GROUP
LOAD c:/progra~2/gnuarm~1/102021~1.10/bin/../lib/gcc/arm-none-eabi/10.3.1/thumb/v6-m/nofp\libgcc.a
LOAD c:/progra~2/gnuarm~1/102021~1.10/bin/../lib/gcc/arm-none-eabi/10.3.1/../../../../arm-none-eabi/lib/thumb/v6-m/nofp\libg.a
LOAD c:/progra~2/gnuarm~1/102021~1.10/bin/../lib/gcc/arm-none-eabi/10.3.1/../../../../arm-none-eabi/lib/thumb/v6-m/nofp\libc.a
END GROUP
START GROUP
LOAD c:/progra~2/gnuarm~1/102021~1.10/bin/../lib/gcc/arm-none-eabi/10.3.1/thumb/v6-m/nofp\libgcc.a
LOAD c:/progra~2/gnuarm~1/102021~1.10/bin/../lib/gcc/arm-none-eabi/10.3.1/../../../../arm-none-eabi/lib/thumb/v6-m/nofp\libc.a
LOAD c:/progra~2/gnuarm~1/102021~1.10/bin/../lib/gcc/arm-none-eabi/10.3.1/../../../../arm-none-eabi/lib/thumb/v6-m/nofp\libnosys.a
END GROUP
LOAD c:/progra~2/gnuarm~1/102021~1.10/bin/../lib/gcc/arm-none-eabi/10.3.1/thumb/v6-m/nofp/crtend.o
LOAD c:/progra~2/gnuarm~1/102021~1.10/bin/../lib/gcc/arm-none-eabi/10.3.1/thumb/v6-m/nofp/crtn.o
OUTPUT(pico_bootloader.elf elf32-littlearm)
LOAD linker stubs

.ARM.attributes
                0x00000000       0x28
 .ARM.attributes
                0x00000000       0x1e c:/progra~2/gnuarm~1/102021~1.10/bin/../lib/gcc/arm-none-eabi/10.3.1/thumb/v6-m/nofp/crti.o
 .ARM.attributes
                0x0000001e       0x2c c:/progra~2/gnuarm~1/102021~1.10/bin/../lib/gcc/arm-none-eabi/10.3.1/thumb/v6-m/nofp/crtbegin.o
 .ARM.attributes
                0x0000004a       0x2c CMakeFiles/pico_bootloader.dir/main.c.obj
 .ARM.attributes
                0x00000076       0x2c CMakeFiles/pico_bootloader.dir/app.c.obj
 .ARM.attributes
                0x000000a2       0x2c CMakeFiles/pico_bootloader.dir/pico-sdk/src/rp2_common/hardware_gpio/gpio.c.obj
 .ARM.attributes
                0x000000ce       0x2c CMakeFiles/pico_bootloader.dir/pico-sdk/src/rp2_common/pico_platform/platform.c.obj
 .ARM.attributes
                0x000000fa       0x2c CMakeFiles/pico_bootloader.dir/pico-sdk/src/rp2_common/hardware_claim/claim.c.obj
 .ARM.attributes
                0x00000126       0x2c CMakeFiles/pico_bootloader.dir/pico-sdk/src/rp2_common/hardware_sync/sync.c.obj
 .ARM.attributes
                0x00000152       0x2c CMakeFiles/pico_bootloader.dir/pico-sdk/src/rp2_common/hardware_irq/irq.c.obj
 .ARM.attributes
                0x0000017e       0x22 CMakeFiles/pico_bootloader.dir/pico-sdk/src/rp2_common/hardware_irq/irq_handler_chain.S.obj
 .ARM.attributes
                0x000001a0       0x2c CMakeFiles/pico_bootloader.dir/pico-sdk/src/common/pico_sync/lock_core.c.obj
 .ARM.attributes
                0x000001cc       0x2c CMakeFiles/pico_bootloader.dir/pico-sdk/src/common/pico_sync/mutex.c.obj
 .ARM.attributes
                0x000001f8       0x2c CMakeFiles/pico_bootloader.dir/pico-sdk/src/common/pico_time/time.c.obj
 .ARM.attributes
                0x00000224       0x2c CMakeFiles/pico_bootloader.dir/pico-sdk/src/rp2_common/hardware_timer/timer.c.obj
 .ARM.attributes
                0x00000250       0x2c CMakeFiles/pico_bootloader.dir/pico-sdk/src/common/pico_util/pheap.c.obj
 .ARM.attributes
                0x0000027c       0x2c CMakeFiles/pico_bootloader.dir/pico-sdk/src/rp2_common/hardware_uart/uart.c.obj
 .ARM.attributes
                0x000002a8       0x2c CMakeFiles/pico_bootloader.dir/pico-sdk/src/rp2_common/hardware_clocks/clocks.c.obj
 .ARM.attributes
                0x000002d4       0x2c CMakeFiles/pico_bootloader.dir/pico-sdk/src/rp2_common/hardware_pll/pll.c.obj
 .ARM.attributes
                0x00000300       0x2c CMakeFiles/pico_bootloader.dir/pico-sdk/src/rp2_common/hardware_watchdog/watchdog.c.obj
 .ARM.attributes
                0x0000032c       0x2c CMakeFiles/pico_bootloader.dir/pico-sdk/src/rp2_common/hardware_xosc/xosc.c.obj
 .ARM.attributes
                0x00000358       0x2c CMakeFiles/pico_bootloader.dir/pico-sdk/src/rp2_common/pico_runtime/runtime.c.obj
 .ARM.attributes
                0x00000384       0x2c CMakeFiles/pico_bootloader.dir/pico-sdk/src/rp2_common/pico_printf/printf.c.obj
 .ARM.attributes
                0x000003b0       0x22 CMakeFiles/pico_bootloader.dir/pico-sdk/src/rp2_common/pico_bit_ops/bit_ops_aeabi.S.obj
 .ARM.attributes
                0x000003d2       0x2c CMakeFiles/pico_bootloader.dir/pico-sdk/src/rp2_common/pico_bootrom/bootrom.c.obj
 .ARM.attributes
                0x000003fe       0x22 CMakeFiles/pico_bootloader.dir/pico-sdk/src/rp2_common/pico_divider/divider.S.obj
 .ARM.attributes
                0x00000420       0x22 CMakeFiles/pico_bootloader.dir/pico-sdk/src/rp2_common/pico_double/double_aeabi.S.obj
 .ARM.attributes
                0x00000442       0x2c CMakeFiles/pico_bootloader.dir/pico-sdk/src/rp2_common/pico_double/double_init_rom.c.obj
 .ARM.attributes
                0x0000046e       0x22 CMakeFiles/pico_bootloader.dir/pico-sdk/src/rp2_common/pico_double/double_v1_rom_shim.S.obj
 .ARM.attributes
                0x00000490       0x22 CMakeFiles/pico_bootloader.dir/pico-sdk/src/rp2_common/pico_int64_ops/pico_int64_ops_aeabi.S.obj
 .ARM.attributes
                0x000004b2       0x22 CMakeFiles/pico_bootloader.dir/pico-sdk/src/rp2_common/pico_float/float_aeabi.S.obj
 .ARM.attributes
                0x000004d4       0x2c CMakeFiles/pico_bootloader.dir/pico-sdk/src/rp2_common/pico_float/float_init_rom.c.obj
 .ARM.attributes
                0x00000500       0x22 CMakeFiles/pico_bootloader.dir/pico-sdk/src/rp2_common/pico_float/float_v1_rom_shim.S.obj
 .ARM.attributes
                0x00000522       0x22 CMakeFiles/pico_bootloader.dir/pico-sdk/src/rp2_common/pico_mem_ops/mem_ops_aeabi.S.obj
 .ARM.attributes
                0x00000544       0x22 CMakeFiles/pico_bootloader.dir/pico-sdk/src/rp2_common/pico_standard_link/crt0.S.obj
 .ARM.attributes
                0x00000566       0x2c CMakeFiles/pico_bootloader.dir/pico-sdk/src/rp2_common/pico_standard_link/binary_info.c.obj
 .ARM.attributes
                0x00000592       0x2c CMakeFiles/pico_bootloader.dir/pico-sdk/src/rp2_common/pico_stdio/stdio.c.obj
 .ARM.attributes
                0x000005be       0x2c CMakeFiles/pico_bootloader.dir/pico-sdk/src/rp2_common/pico_stdio_uart/stdio_uart.c.obj
 .ARM.attributes
                0x000005ea       0x22 C:\Users\UMUTKL~1\AppData\Local\Temp\ccEPvYqu.o
 .ARM.attributes
                0x0000060c       0x1e c:/progra~2/gnuarm~1/102021~1.10/bin/../lib/gcc/arm-none-eabi/10.3.1/thumb/v6-m/nofp\libgcc.a(_dvmd_tls.o)
 .ARM.attributes
                0x0000062a       0x2c c:/progra~2/gnuarm~1/102021~1.10/bin/../lib/gcc/arm-none-eabi/10.3.1/../../../../arm-none-eabi/lib/thumb/v6-m/nofp\libg.a(lib_a-strlen-stub.o)

.comment        0x00000000       0x49
 .comment       0x00000000       0x49 CMakeFiles/pico_bootloader.dir/main.c.obj
                                 0x4a (size before relaxing)
 .comment       0x00000049       0x4a CMakeFiles/pico_bootloader.dir/app.c.obj
 .comment       0x00000049       0x4a CMakeFiles/pico_bootloader.dir/pico-sdk/src/rp2_common/hardware_gpio/gpio.c.obj
 .comment       0x00000049       0x4a CMakeFiles/pico_bootloader.dir/pico-sdk/src/rp2_common/pico_platform/platform.c.obj
 .comment       0x00000049       0x4a CMakeFiles/pico_bootloader.dir/pico-sdk/src/rp2_common/hardware_claim/claim.c.obj
 .comment       0x00000049       0x4a CMakeFiles/pico_bootloader.dir/pico-sdk/src/rp2_common/hardware_sync/sync.c.obj
 .comment       0x00000049       0x4a CMakeFiles/pico_bootloader.dir/pico-sdk/src/rp2_common/hardware_irq/irq.c.obj
 .comment       0x00000049       0x4a CMakeFiles/pico_bootloader.dir/pico-sdk/src/common/pico_sync/lock_core.c.obj
 .comment       0x00000049       0x4a CMakeFiles/pico_bootloader.dir/pico-sdk/src/common/pico_sync/mutex.c.obj
 .comment       0x00000049       0x4a CMakeFiles/pico_bootloader.dir/pico-sdk/src/common/pico_time/time.c.obj
 .comment       0x00000049       0x4a CMakeFiles/pico_bootloader.dir/pico-sdk/src/rp2_common/hardware_timer/timer.c.obj
 .comment       0x00000049       0x4a CMakeFiles/pico_bootloader.dir/pico-sdk/src/common/pico_util/pheap.c.obj
 .comment       0x00000049       0x4a CMakeFiles/pico_bootloader.dir/pico-sdk/src/rp2_common/hardware_uart/uart.c.obj
 .comment       0x00000049       0x4a CMakeFiles/pico_bootloader.dir/pico-sdk/src/rp2_common/hardware_clocks/clocks.c.obj
 .comment       0x00000049       0x4a CMakeFiles/pico_bootloader.dir/pico-sdk/src/rp2_common/hardware_pll/pll.c.obj
 .comment       0x00000049       0x4a CMakeFiles/pico_bootloader.dir/pico-sdk/src/rp2_common/hardware_watchdog/watchdog.c.obj
 .comment       0x00000049       0x4a CMakeFiles/pico_bootloader.dir/pico-sdk/src/rp2_common/hardware_xosc/xosc.c.obj
 .comment       0x00000049       0x4a CMakeFiles/pico_bootloader.dir/pico-sdk/src/rp2_common/pico_runtime/runtime.c.obj
 .comment       0x00000049       0x4a CMakeFiles/pico_bootloader.dir/pico-sdk/src/rp2_common/pico_printf/printf.c.obj
 .comment       0x00000049       0x4a CMakeFiles/pico_bootloader.dir/pico-sdk/src/rp2_common/pico_bootrom/bootrom.c.obj
 .comment       0x00000049       0x4a CMakeFiles/pico_bootloader.dir/pico-sdk/src/rp2_common/pico_double/double_init_rom.c.obj
 .comment       0x00000049       0x4a CMakeFiles/pico_bootloader.dir/pico-sdk/src/rp2_common/pico_float/float_init_rom.c.obj
 .comment       0x00000049       0x4a CMakeFiles/pico_bootloader.dir/pico-sdk/src/rp2_common/pico_standard_link/binary_info.c.obj
 .comment       0x00000049       0x4a CMakeFiles/pico_bootloader.dir/pico-sdk/src/rp2_common/pico_stdio/stdio.c.obj
 .comment       0x00000049       0x4a CMakeFiles/pico_bootloader.dir/pico-sdk/src/rp2_common/pico_stdio_uart/stdio_uart.c.obj

.debug_info     0x00000000    0x15a5a
 .debug_info    0x00000000      0x355 CMakeFiles/pico_bootloader.dir/main.c.obj
 .debug_info    0x00000355      0x19b CMakeFiles/pico_bootloader.dir/app.c.obj
 .debug_info    0x000004f0     0x187e CMakeFiles/pico_bootloader.dir/pico-sdk/src/rp2_common/hardware_gpio/gpio.c.obj
 .debug_info    0x00001d6e      0x1e3 CMakeFiles/pico_bootloader.dir/pico-sdk/src/rp2_common/pico_platform/platform.c.obj
 .debug_info    0x00001f51      0x6be CMakeFiles/pico_bootloader.dir/pico-sdk/src/rp2_common/hardware_claim/claim.c.obj
 .debug_info    0x0000260f      0x58e CMakeFiles/pico_bootloader.dir/pico-sdk/src/rp2_common/hardware_sync/sync.c.obj
 .debug_info    0x00002b9d     0x1c9e CMakeFiles/pico_bootloader.dir/pico-sdk/src/rp2_common/hardware_irq/irq.c.obj
 .debug_info    0x0000483b      0x1a4 CMakeFiles/pico_bootloader.dir/pico-sdk/src/common/pico_sync/lock_core.c.obj
 .debug_info    0x000049df     0x20d5 CMakeFiles/pico_bootloader.dir/pico-sdk/src/common/pico_sync/mutex.c.obj
 .debug_info    0x00006ab4     0x4068 CMakeFiles/pico_bootloader.dir/pico-sdk/src/common/pico_time/time.c.obj
 .debug_info    0x0000ab1c     0x13f0 CMakeFiles/pico_bootloader.dir/pico-sdk/src/rp2_common/hardware_timer/timer.c.obj
 .debug_info    0x0000bf0c     0x123b CMakeFiles/pico_bootloader.dir/pico-sdk/src/common/pico_util/pheap.c.obj
 .debug_info    0x0000d147      0xdd2 CMakeFiles/pico_bootloader.dir/pico-sdk/src/rp2_common/hardware_uart/uart.c.obj
 .debug_info    0x0000df19      0xfcf CMakeFiles/pico_bootloader.dir/pico-sdk/src/rp2_common/hardware_clocks/clocks.c.obj
 .debug_info    0x0000eee8      0x51b CMakeFiles/pico_bootloader.dir/pico-sdk/src/rp2_common/hardware_pll/pll.c.obj
 .debug_info    0x0000f403      0x4ee CMakeFiles/pico_bootloader.dir/pico-sdk/src/rp2_common/hardware_watchdog/watchdog.c.obj
 .debug_info    0x0000f8f1      0x1d8 CMakeFiles/pico_bootloader.dir/pico-sdk/src/rp2_common/hardware_xosc/xosc.c.obj
 .debug_info    0x0000fac9     0x1053 CMakeFiles/pico_bootloader.dir/pico-sdk/src/rp2_common/pico_runtime/runtime.c.obj
 .debug_info    0x00010b1c     0x1a5f CMakeFiles/pico_bootloader.dir/pico-sdk/src/rp2_common/pico_printf/printf.c.obj
 .debug_info    0x0001257b       0x22 CMakeFiles/pico_bootloader.dir/pico-sdk/src/rp2_common/pico_bit_ops/bit_ops_aeabi.S.obj
 .debug_info    0x0001259d      0x27c CMakeFiles/pico_bootloader.dir/pico-sdk/src/rp2_common/pico_bootrom/bootrom.c.obj
 .debug_info    0x00012819       0x22 CMakeFiles/pico_bootloader.dir/pico-sdk/src/rp2_common/pico_divider/divider.S.obj
 .debug_info    0x0001283b       0x22 CMakeFiles/pico_bootloader.dir/pico-sdk/src/rp2_common/pico_double/double_aeabi.S.obj
 .debug_info    0x0001285d      0x2d1 CMakeFiles/pico_bootloader.dir/pico-sdk/src/rp2_common/pico_double/double_init_rom.c.obj
 .debug_info    0x00012b2e       0x22 CMakeFiles/pico_bootloader.dir/pico-sdk/src/rp2_common/pico_double/double_v1_rom_shim.S.obj
 .debug_info    0x00012b50       0x26 CMakeFiles/pico_bootloader.dir/pico-sdk/src/rp2_common/pico_int64_ops/pico_int64_ops_aeabi.S.obj
 .debug_info    0x00012b76       0x22 CMakeFiles/pico_bootloader.dir/pico-sdk/src/rp2_common/pico_float/float_aeabi.S.obj
 .debug_info    0x00012b98      0x2eb CMakeFiles/pico_bootloader.dir/pico-sdk/src/rp2_common/pico_float/float_init_rom.c.obj
 .debug_info    0x00012e83       0x22 CMakeFiles/pico_bootloader.dir/pico-sdk/src/rp2_common/pico_float/float_v1_rom_shim.S.obj
 .debug_info    0x00012ea5       0x22 CMakeFiles/pico_bootloader.dir/pico-sdk/src/rp2_common/pico_mem_ops/mem_ops_aeabi.S.obj
 .debug_info    0x00012ec7       0x22 CMakeFiles/pico_bootloader.dir/pico-sdk/src/rp2_common/pico_standard_link/crt0.S.obj
 .debug_info    0x00012ee9      0x2fb CMakeFiles/pico_bootloader.dir/pico-sdk/src/rp2_common/pico_standard_link/binary_info.c.obj
 .debug_info    0x000131e4     0x1827 CMakeFiles/pico_bootloader.dir/pico-sdk/src/rp2_common/pico_stdio/stdio.c.obj
 .debug_info    0x00014a0b     0x104f CMakeFiles/pico_bootloader.dir/pico-sdk/src/rp2_common/pico_stdio_uart/stdio_uart.c.obj

.debug_abbrev   0x00000000     0x42cd
 .debug_abbrev  0x00000000      0x126 CMakeFiles/pico_bootloader.dir/main.c.obj
 .debug_abbrev  0x00000126      0x100 CMakeFiles/pico_bootloader.dir/app.c.obj
 .debug_abbrev  0x00000226      0x379 CMakeFiles/pico_bootloader.dir/pico-sdk/src/rp2_common/hardware_gpio/gpio.c.obj
 .debug_abbrev  0x0000059f       0xeb CMakeFiles/pico_bootloader.dir/pico-sdk/src/rp2_common/pico_platform/platform.c.obj
 .debug_abbrev  0x0000068a      0x2e9 CMakeFiles/pico_bootloader.dir/pico-sdk/src/rp2_common/hardware_claim/claim.c.obj
 .debug_abbrev  0x00000973      0x21b CMakeFiles/pico_bootloader.dir/pico-sdk/src/rp2_common/hardware_sync/sync.c.obj
 .debug_abbrev  0x00000b8e      0x4e7 CMakeFiles/pico_bootloader.dir/pico-sdk/src/rp2_common/hardware_irq/irq.c.obj
 .debug_abbrev  0x00001075      0x116 CMakeFiles/pico_bootloader.dir/pico-sdk/src/common/pico_sync/lock_core.c.obj
 .debug_abbrev  0x0000118b      0x397 CMakeFiles/pico_bootloader.dir/pico-sdk/src/common/pico_sync/mutex.c.obj
 .debug_abbrev  0x00001522      0x571 CMakeFiles/pico_bootloader.dir/pico-sdk/src/common/pico_time/time.c.obj
 .debug_abbrev  0x00001a93      0x3b8 CMakeFiles/pico_bootloader.dir/pico-sdk/src/rp2_common/hardware_timer/timer.c.obj
 .debug_abbrev  0x00001e4b      0x297 CMakeFiles/pico_bootloader.dir/pico-sdk/src/common/pico_util/pheap.c.obj
 .debug_abbrev  0x000020e2      0x31c CMakeFiles/pico_bootloader.dir/pico-sdk/src/rp2_common/hardware_uart/uart.c.obj
 .debug_abbrev  0x000023fe      0x3c7 CMakeFiles/pico_bootloader.dir/pico-sdk/src/rp2_common/hardware_clocks/clocks.c.obj
 .debug_abbrev  0x000027c5      0x1ea CMakeFiles/pico_bootloader.dir/pico-sdk/src/rp2_common/hardware_pll/pll.c.obj
 .debug_abbrev  0x000029af      0x1a8 CMakeFiles/pico_bootloader.dir/pico-sdk/src/rp2_common/hardware_watchdog/watchdog.c.obj
 .debug_abbrev  0x00002b57      0x109 CMakeFiles/pico_bootloader.dir/pico-sdk/src/rp2_common/hardware_xosc/xosc.c.obj
 .debug_abbrev  0x00002c60      0x4cb CMakeFiles/pico_bootloader.dir/pico-sdk/src/rp2_common/pico_runtime/runtime.c.obj
 .debug_abbrev  0x0000312b      0x384 CMakeFiles/pico_bootloader.dir/pico-sdk/src/rp2_common/pico_printf/printf.c.obj
 .debug_abbrev  0x000034af       0x12 CMakeFiles/pico_bootloader.dir/pico-sdk/src/rp2_common/pico_bit_ops/bit_ops_aeabi.S.obj
 .debug_abbrev  0x000034c1      0x13b CMakeFiles/pico_bootloader.dir/pico-sdk/src/rp2_common/pico_bootrom/bootrom.c.obj
 .debug_abbrev  0x000035fc       0x12 CMakeFiles/pico_bootloader.dir/pico-sdk/src/rp2_common/pico_divider/divider.S.obj
 .debug_abbrev  0x0000360e       0x12 CMakeFiles/pico_bootloader.dir/pico-sdk/src/rp2_common/pico_double/double_aeabi.S.obj
 .debug_abbrev  0x00003620      0x179 CMakeFiles/pico_bootloader.dir/pico-sdk/src/rp2_common/pico_double/double_init_rom.c.obj
 .debug_abbrev  0x00003799       0x12 CMakeFiles/pico_bootloader.dir/pico-sdk/src/rp2_common/pico_double/double_v1_rom_shim.S.obj
 .debug_abbrev  0x000037ab       0x14 CMakeFiles/pico_bootloader.dir/pico-sdk/src/rp2_common/pico_int64_ops/pico_int64_ops_aeabi.S.obj
 .debug_abbrev  0x000037bf       0x12 CMakeFiles/pico_bootloader.dir/pico-sdk/src/rp2_common/pico_float/float_aeabi.S.obj
 .debug_abbrev  0x000037d1      0x18c CMakeFiles/pico_bootloader.dir/pico-sdk/src/rp2_common/pico_float/float_init_rom.c.obj
 .debug_abbrev  0x0000395d       0x12 CMakeFiles/pico_bootloader.dir/pico-sdk/src/rp2_common/pico_float/float_v1_rom_shim.S.obj
 .debug_abbrev  0x0000396f       0x12 CMakeFiles/pico_bootloader.dir/pico-sdk/src/rp2_common/pico_mem_ops/mem_ops_aeabi.S.obj
 .debug_abbrev  0x00003981       0x12 CMakeFiles/pico_bootloader.dir/pico-sdk/src/rp2_common/pico_standard_link/crt0.S.obj
 .debug_abbrev  0x00003993       0xad CMakeFiles/pico_bootloader.dir/pico-sdk/src/rp2_common/pico_standard_link/binary_info.c.obj
 .debug_abbrev  0x00003a40      0x4a5 CMakeFiles/pico_bootloader.dir/pico-sdk/src/rp2_common/pico_stdio/stdio.c.obj
 .debug_abbrev  0x00003ee5      0x3e8 CMakeFiles/pico_bootloader.dir/pico-sdk/src/rp2_common/pico_stdio_uart/stdio_uart.c.obj

.debug_aranges  0x00000000      0xe98
 .debug_aranges
                0x00000000       0x20 CMakeFiles/pico_bootloader.dir/main.c.obj
 .debug_aranges
                0x00000020       0x20 CMakeFiles/pico_bootloader.dir/app.c.obj
 .debug_aranges
                0x00000040      0x100 CMakeFiles/pico_bootloader.dir/pico-sdk/src/rp2_common/hardware_gpio/gpio.c.obj
 .debug_aranges
                0x00000140       0x28 CMakeFiles/pico_bootloader.dir/pico-sdk/src/rp2_common/pico_platform/platform.c.obj
 .debug_aranges
                0x00000168       0x48 CMakeFiles/pico_bootloader.dir/pico-sdk/src/rp2_common/hardware_claim/claim.c.obj
 .debug_aranges
                0x000001b0       0x58 CMakeFiles/pico_bootloader.dir/pico-sdk/src/rp2_common/hardware_sync/sync.c.obj
 .debug_aranges
                0x00000208       0xc8 CMakeFiles/pico_bootloader.dir/pico-sdk/src/rp2_common/hardware_irq/irq.c.obj
 .debug_aranges
                0x000002d0       0x20 CMakeFiles/pico_bootloader.dir/pico-sdk/src/common/pico_sync/lock_core.c.obj
 .debug_aranges
                0x000002f0       0x90 CMakeFiles/pico_bootloader.dir/pico-sdk/src/common/pico_sync/mutex.c.obj
 .debug_aranges
                0x00000380       0xe8 CMakeFiles/pico_bootloader.dir/pico-sdk/src/common/pico_time/time.c.obj
 .debug_aranges
                0x00000468       0x88 CMakeFiles/pico_bootloader.dir/pico-sdk/src/rp2_common/hardware_timer/timer.c.obj
 .debug_aranges
                0x000004f0       0x78 CMakeFiles/pico_bootloader.dir/pico-sdk/src/common/pico_util/pheap.c.obj
 .debug_aranges
                0x00000568       0x68 CMakeFiles/pico_bootloader.dir/pico-sdk/src/rp2_common/hardware_uart/uart.c.obj
 .debug_aranges
                0x000005d0       0x70 CMakeFiles/pico_bootloader.dir/pico-sdk/src/rp2_common/hardware_clocks/clocks.c.obj
 .debug_aranges
                0x00000640       0x28 CMakeFiles/pico_bootloader.dir/pico-sdk/src/rp2_common/hardware_pll/pll.c.obj
 .debug_aranges
                0x00000668       0x58 CMakeFiles/pico_bootloader.dir/pico-sdk/src/rp2_common/hardware_watchdog/watchdog.c.obj
 .debug_aranges
                0x000006c0       0x30 CMakeFiles/pico_bootloader.dir/pico-sdk/src/rp2_common/hardware_xosc/xosc.c.obj
 .debug_aranges
                0x000006f0       0x88 CMakeFiles/pico_bootloader.dir/pico-sdk/src/rp2_common/pico_runtime/runtime.c.obj
 .debug_aranges
                0x00000778       0x90 CMakeFiles/pico_bootloader.dir/pico-sdk/src/rp2_common/pico_printf/printf.c.obj
 .debug_aranges
                0x00000808       0x68 CMakeFiles/pico_bootloader.dir/pico-sdk/src/rp2_common/pico_bit_ops/bit_ops_aeabi.S.obj
 .debug_aranges
                0x00000870       0x30 CMakeFiles/pico_bootloader.dir/pico-sdk/src/rp2_common/pico_bootrom/bootrom.c.obj
 .debug_aranges
                0x000008a0       0x40 CMakeFiles/pico_bootloader.dir/pico-sdk/src/rp2_common/pico_divider/divider.S.obj
 .debug_aranges
                0x000008e0      0x140 CMakeFiles/pico_bootloader.dir/pico-sdk/src/rp2_common/pico_double/double_aeabi.S.obj
 .debug_aranges
                0x00000a20       0x20 CMakeFiles/pico_bootloader.dir/pico-sdk/src/rp2_common/pico_double/double_init_rom.c.obj
 .debug_aranges
                0x00000a40       0xc8 CMakeFiles/pico_bootloader.dir/pico-sdk/src/rp2_common/pico_double/double_v1_rom_shim.S.obj
 .debug_aranges
                0x00000b08       0x20 CMakeFiles/pico_bootloader.dir/pico-sdk/src/rp2_common/pico_int64_ops/pico_int64_ops_aeabi.S.obj
 .debug_aranges
                0x00000b28      0x130 CMakeFiles/pico_bootloader.dir/pico-sdk/src/rp2_common/pico_float/float_aeabi.S.obj
 .debug_aranges
                0x00000c58       0x20 CMakeFiles/pico_bootloader.dir/pico-sdk/src/rp2_common/pico_float/float_init_rom.c.obj
 .debug_aranges
                0x00000c78       0x50 CMakeFiles/pico_bootloader.dir/pico-sdk/src/rp2_common/pico_float/float_v1_rom_shim.S.obj
 .debug_aranges
                0x00000cc8       0x38 CMakeFiles/pico_bootloader.dir/pico-sdk/src/rp2_common/pico_mem_ops/mem_ops_aeabi.S.obj
 .debug_aranges
                0x00000d00       0x28 CMakeFiles/pico_bootloader.dir/pico-sdk/src/rp2_common/pico_standard_link/crt0.S.obj
 .debug_aranges
                0x00000d28       0x18 CMakeFiles/pico_bootloader.dir/pico-sdk/src/rp2_common/pico_standard_link/binary_info.c.obj
 .debug_aranges
                0x00000d40      0x100 CMakeFiles/pico_bootloader.dir/pico-sdk/src/rp2_common/pico_stdio/stdio.c.obj
 .debug_aranges
                0x00000e40       0x58 CMakeFiles/pico_bootloader.dir/pico-sdk/src/rp2_common/pico_stdio_uart/stdio_uart.c.obj

.debug_ranges   0x00000000     0x3388
 .debug_ranges  0x00000000       0x10 CMakeFiles/pico_bootloader.dir/main.c.obj
 .debug_ranges  0x00000010       0x28 CMakeFiles/pico_bootloader.dir/app.c.obj
 .debug_ranges  0x00000038      0x150 CMakeFiles/pico_bootloader.dir/pico-sdk/src/rp2_common/hardware_gpio/gpio.c.obj
 .debug_ranges  0x00000188       0x18 CMakeFiles/pico_bootloader.dir/pico-sdk/src/rp2_common/pico_platform/platform.c.obj
 .debug_ranges  0x000001a0       0xd8 CMakeFiles/pico_bootloader.dir/pico-sdk/src/rp2_common/hardware_claim/claim.c.obj
 .debug_ranges  0x00000278       0xf0 CMakeFiles/pico_bootloader.dir/pico-sdk/src/rp2_common/hardware_sync/sync.c.obj
 .debug_ranges  0x00000368      0x400 CMakeFiles/pico_bootloader.dir/pico-sdk/src/rp2_common/hardware_irq/irq.c.obj
 .debug_ranges  0x00000768       0x10 CMakeFiles/pico_bootloader.dir/pico-sdk/src/common/pico_sync/lock_core.c.obj
 .debug_ranges  0x00000778      0xac0 CMakeFiles/pico_bootloader.dir/pico-sdk/src/common/pico_sync/mutex.c.obj
 .debug_ranges  0x00001238      0xcb8 CMakeFiles/pico_bootloader.dir/pico-sdk/src/common/pico_time/time.c.obj
 .debug_ranges  0x00001ef0      0x3d0 CMakeFiles/pico_bootloader.dir/pico-sdk/src/rp2_common/hardware_timer/timer.c.obj
 .debug_ranges  0x000022c0      0x248 CMakeFiles/pico_bootloader.dir/pico-sdk/src/common/pico_util/pheap.c.obj
 .debug_ranges  0x00002508      0x130 CMakeFiles/pico_bootloader.dir/pico-sdk/src/rp2_common/hardware_uart/uart.c.obj
 .debug_ranges  0x00002638       0x60 CMakeFiles/pico_bootloader.dir/pico-sdk/src/rp2_common/hardware_clocks/clocks.c.obj
 .debug_ranges  0x00002698       0x30 CMakeFiles/pico_bootloader.dir/pico-sdk/src/rp2_common/hardware_pll/pll.c.obj
 .debug_ranges  0x000026c8       0x48 CMakeFiles/pico_bootloader.dir/pico-sdk/src/rp2_common/hardware_watchdog/watchdog.c.obj
 .debug_ranges  0x00002710       0x20 CMakeFiles/pico_bootloader.dir/pico-sdk/src/rp2_common/hardware_xosc/xosc.c.obj
 .debug_ranges  0x00002730      0x168 CMakeFiles/pico_bootloader.dir/pico-sdk/src/rp2_common/pico_runtime/runtime.c.obj
 .debug_ranges  0x00002898      0x108 CMakeFiles/pico_bootloader.dir/pico-sdk/src/rp2_common/pico_printf/printf.c.obj
 .debug_ranges  0x000029a0       0x60 CMakeFiles/pico_bootloader.dir/pico-sdk/src/rp2_common/pico_bit_ops/bit_ops_aeabi.S.obj
 .debug_ranges  0x00002a00       0x38 CMakeFiles/pico_bootloader.dir/pico-sdk/src/rp2_common/pico_bootrom/bootrom.c.obj
 .debug_ranges  0x00002a38       0x38 CMakeFiles/pico_bootloader.dir/pico-sdk/src/rp2_common/pico_divider/divider.S.obj
 .debug_ranges  0x00002a70      0x138 CMakeFiles/pico_bootloader.dir/pico-sdk/src/rp2_common/pico_double/double_aeabi.S.obj
 .debug_ranges  0x00002ba8       0x30 CMakeFiles/pico_bootloader.dir/pico-sdk/src/rp2_common/pico_double/double_init_rom.c.obj
 .debug_ranges  0x00002bd8       0xc0 CMakeFiles/pico_bootloader.dir/pico-sdk/src/rp2_common/pico_double/double_v1_rom_shim.S.obj
 .debug_ranges  0x00002c98      0x128 CMakeFiles/pico_bootloader.dir/pico-sdk/src/rp2_common/pico_float/float_aeabi.S.obj
 .debug_ranges  0x00002dc0       0x28 CMakeFiles/pico_bootloader.dir/pico-sdk/src/rp2_common/pico_float/float_init_rom.c.obj
 .debug_ranges  0x00002de8       0x48 CMakeFiles/pico_bootloader.dir/pico-sdk/src/rp2_common/pico_float/float_v1_rom_shim.S.obj
 .debug_ranges  0x00002e30       0x30 CMakeFiles/pico_bootloader.dir/pico-sdk/src/rp2_common/pico_mem_ops/mem_ops_aeabi.S.obj
 .debug_ranges  0x00002e60       0x20 CMakeFiles/pico_bootloader.dir/pico-sdk/src/rp2_common/pico_standard_link/crt0.S.obj
 .debug_ranges  0x00002e80      0x258 CMakeFiles/pico_bootloader.dir/pico-sdk/src/rp2_common/pico_stdio/stdio.c.obj
 .debug_ranges  0x000030d8      0x2b0 CMakeFiles/pico_bootloader.dir/pico-sdk/src/rp2_common/pico_stdio_uart/stdio_uart.c.obj

.debug_line     0x00000000     0xea55
 .debug_line    0x00000000      0x35e CMakeFiles/pico_bootloader.dir/main.c.obj
 .debug_line    0x0000035e      0x208 CMakeFiles/pico_bootloader.dir/app.c.obj
 .debug_line    0x00000566      0xd02 CMakeFiles/pico_bootloader.dir/pico-sdk/src/rp2_common/hardware_gpio/gpio.c.obj
 .debug_line    0x00001268      0x288 CMakeFiles/pico_bootloader.dir/pico-sdk/src/rp2_common/pico_platform/platform.c.obj
 .debug_line    0x000014f0      0x482 CMakeFiles/pico_bootloader.dir/pico-sdk/src/rp2_common/hardware_claim/claim.c.obj
 .debug_line    0x00001972      0x47f CMakeFiles/pico_bootloader.dir/pico-sdk/src/rp2_common/hardware_sync/sync.c.obj
 .debug_line    0x00001df1     0x1085 CMakeFiles/pico_bootloader.dir/pico-sdk/src/rp2_common/hardware_irq/irq.c.obj
 .debug_line    0x00002e76      0x236 CMakeFiles/pico_bootloader.dir/pico-sdk/src/common/pico_sync/lock_core.c.obj
 .debug_line    0x000030ac     0x10d7 CMakeFiles/pico_bootloader.dir/pico-sdk/src/common/pico_sync/mutex.c.obj
 .debug_line    0x00004183     0x1beb CMakeFiles/pico_bootloader.dir/pico-sdk/src/common/pico_time/time.c.obj
 .debug_line    0x00005d6e      0xc4a CMakeFiles/pico_bootloader.dir/pico-sdk/src/rp2_common/hardware_timer/timer.c.obj
 .debug_line    0x000069b8      0x8ac CMakeFiles/pico_bootloader.dir/pico-sdk/src/common/pico_util/pheap.c.obj
 .debug_line    0x00007264      0x908 CMakeFiles/pico_bootloader.dir/pico-sdk/src/rp2_common/hardware_uart/uart.c.obj
 .debug_line    0x00007b6c      0xa08 CMakeFiles/pico_bootloader.dir/pico-sdk/src/rp2_common/hardware_clocks/clocks.c.obj
 .debug_line    0x00008574      0x576 CMakeFiles/pico_bootloader.dir/pico-sdk/src/rp2_common/hardware_pll/pll.c.obj
 .debug_line    0x00008aea      0x415 CMakeFiles/pico_bootloader.dir/pico-sdk/src/rp2_common/hardware_watchdog/watchdog.c.obj
 .debug_line    0x00008eff      0x2b9 CMakeFiles/pico_bootloader.dir/pico-sdk/src/rp2_common/hardware_xosc/xosc.c.obj
 .debug_line    0x000091b8      0xb13 CMakeFiles/pico_bootloader.dir/pico-sdk/src/rp2_common/pico_runtime/runtime.c.obj
 .debug_line    0x00009ccb     0x1222 CMakeFiles/pico_bootloader.dir/pico-sdk/src/rp2_common/pico_printf/printf.c.obj
 .debug_line    0x0000aeed      0x151 CMakeFiles/pico_bootloader.dir/pico-sdk/src/rp2_common/pico_bit_ops/bit_ops_aeabi.S.obj
 .debug_line    0x0000b03e      0x237 CMakeFiles/pico_bootloader.dir/pico-sdk/src/rp2_common/pico_bootrom/bootrom.c.obj
 .debug_line    0x0000b275      0x2da CMakeFiles/pico_bootloader.dir/pico-sdk/src/rp2_common/pico_divider/divider.S.obj
 .debug_line    0x0000b54f      0x42f CMakeFiles/pico_bootloader.dir/pico-sdk/src/rp2_common/pico_double/double_aeabi.S.obj
 .debug_line    0x0000b97e      0x35c CMakeFiles/pico_bootloader.dir/pico-sdk/src/rp2_common/pico_double/double_init_rom.c.obj
 .debug_line    0x0000bcda      0x6a7 CMakeFiles/pico_bootloader.dir/pico-sdk/src/rp2_common/pico_double/double_v1_rom_shim.S.obj
 .debug_line    0x0000c381       0xa1 CMakeFiles/pico_bootloader.dir/pico-sdk/src/rp2_common/pico_int64_ops/pico_int64_ops_aeabi.S.obj
 .debug_line    0x0000c422      0x3e5 CMakeFiles/pico_bootloader.dir/pico-sdk/src/rp2_common/pico_float/float_aeabi.S.obj
 .debug_line    0x0000c807      0x34e CMakeFiles/pico_bootloader.dir/pico-sdk/src/rp2_common/pico_float/float_init_rom.c.obj
 .debug_line    0x0000cb55      0x1d1 CMakeFiles/pico_bootloader.dir/pico-sdk/src/rp2_common/pico_float/float_v1_rom_shim.S.obj
 .debug_line    0x0000cd26       0xcb CMakeFiles/pico_bootloader.dir/pico-sdk/src/rp2_common/pico_mem_ops/mem_ops_aeabi.S.obj